[autograph.care/monson/index3963.html]
[backblue.gif]
[fade.gif]
[index.html]
[consent.cookiebot.com/uc.js]
[autograph.care/monson/wp-includes/css/dist/block-library/style.min9704.css]
[autograph.care/monson/comments/feed/index.html]
[autograph.care/monson/wp-content/plugins/contact-form-7/includes/css/styles5b21.css]
[autograph.care/monson/monson-care-home/feed/index.html]
[autograph.care/monson/feed/index.html]
[autograph.care/monson/index.html]
[autograph.care/monson/wp-content/plugins/uncode-privacy/assets/css/uncode-privacy-public605a.css]
[autograph.care/monson/wp-content/plugins/wpcf7-redirect/build/css/wpcf7-redirect-frontend.min4963.css]
[autograph.care/monson/wp-content/themes/uncode/library/css/style27e4.css]
[autograph.care/monson/wp-content/themes/uncode/library/css/uncode-icons27e4.css]
[autograph.care/monson/wp-content/themes/uncode/library/css/style-custom227e4.css]
[autograph.care/monson/wp-content/uploads/sites/2/2021/06/monson_bullet.png]
[autograph.care/monson/wp-includes/js/jquery/jquery.minf43b.js]
[autograph.care/monson/wp-includes/js/jquery/jquery-migrate.min5589.js]
[autograph.care/monson/wp-content/themes/uncode/library/js/init27e4.js]
[autograph.care/monson/wp-json/index.html]
[autograph.care/monson/wp-json/wp/v2/pages/2.json]
[autograph.care/monson/wp-json/oembed/1.0/embed52f4.json]
[autograph.care/monson/wp-json/oembed/1.0/embed552b]
[use.typekit.com/ovo0mss.js]
[autograph.care/monson/wp-content/uploads/sites/2/2021/06/cropped-favicon@2x-32x32.png]
[autograph.care/monson/wp-content/uploads/sites/2/2021/06/cropped-favicon@2x-192x192.png]
[autograph.care/monson/wp-content/uploads/sites/2/2021/06/cropped-favicon@2x-180x180.png]
[www.dynamicnumbers.mediahawk.co.uk/mhct.min.js]
[autograph.care/monson/wp-content/uploads/sites/2/2023/05/monson-logo.png]
[autograph.care/monson/wp-content/uploads/sites/2/2023/05/monson-logo-negative.png]
[autograph.care/monson/wp-content/uploads/sites/2/2023/05/monson-logo-mobile.png]
[autograph.care/monson/wp-content/uploads/sites/2/2023/05/monson-logo-mobile-negative.png]
[autograph.care/monson/life-in-our-home/index.html]
[autograph.care/monson/our-care/dementia-care-lincoln/index.html]
[autograph.care/monson/our-care/finances-and-information/index.html]
[autograph.care/monson/our-care/respite-care-lincoln/index.html]
[autograph.care/monson/our-care/residential-care-lincoln/index.html]
[autograph.care/monson/news-events/index.html]
[autograph.care/monson/wp-content/uploads/sites/2/2021/05/monson-enriching-lifes-image-uai-258x344.jpg]
[autograph.care/monson/wp-content/uploads/sites/2/2021/05/lady_resident_carer_walton@2x-uai-258x258.jpg]
[autograph.care/monson/wp-content/uploads/sites/2/2021/05/types_care_2@2x-uai-258x258.jpg]
[autograph.care/monson/get-in-touch/index.html]
[autograph.care/monson/wp-content/uploads/sites/2/2021/05/types_care_3@2x-uai-258x258.jpg]
[player.vimeo.com/api/player.js]
[autograph.care/monson/wp-content/uploads/sites/2/2021/05/monson_resident_garden_carer@2x-uai-258x193.jpg]
[autograph.care/monson/wp-content/uploads/sites/2/2021/05/testimonial_two@2x-uai-258x193.jpg]
[autograph.care/monson/wp-content/uploads/sites/2/2021/05/testimonial_three@2x-uai-258x193.jpg]
[www.cqc.org.uk/sites/all/modules/custom/cqc_widget/widgetad19.js]
[autograph.care/monson/wp-content/uploads/sites/2/2024/05/Screenshot-2024-05-15-at-16.25.00-uai-258x258.png]
[autograph.care/monson/2024/08/01/monson-monthly-july-newsletter/index.html]
[autograph.care/monson/2024/07/02/monson-monthly-june-newsletter/index.html]
[autograph.care/monson/wp-content/uploads/sites/2/2024/05/Screenshot-2024-05-15-at-16.25.00-uai-258x129.png]
[autograph.care/monson/wp-content/uploads/sites/2/2021/05/request_brochure_image@2x-uai-258x194.jpg]
[autograph.care/monson/wp-content/uploads/sites/2/2021/05/footer_book_tour_monson@2x-uai-258x193.jpg]
[autograph.care/monson/2024/05/15/monson-monthly-may-newsletter/index.html]
[autograph.care/monson/wp-content/uploads/sites/2/2021/05/book_your_stay@2x-uai-258x194.jpg]
[autograph.care/monson/wp-content/uploads/sites/2/2021/05/monson_care_logo_autograph_wht@2x-uai-258x126.png]
[autograph.care/monson/book-your-stay/index.html]
[autograph.care/monson/wp-content/uploads/sites/2/2022/04/cyber-essentials-certified.png]
[autograph.care/monson/category/news/index.html]
[autograph.care/monson/health-well-being/index.html]
[autograph.care/monson/our-people/index.html]
[autograph.care/monson/wp-content/uploads/sites/2/2022/04/cyber-essentials-certified-plus.png]
[autograph.care/wp-content/uploads/2023/12/Green-Mark-Logo-White-Letters-150x150.png]
[autograph.care/monson/category/events/index.html]
[autograph.care/monson/category/guides-to-care/index.html]
[autograph.care/monson/privacy-policy/index.html]
[kit.fontawesome.com/b83521ca46.js]
[autograph.care/monson/wp-includes/js/dist/hooks.min4fdd.js]
[autograph.care/monson/wp-includes/js/dist/i18n.minc33c.js]
[autograph.care/monson/wp-content/plugins/contact-form-7/includes/swv/js/index5b21.js]
[autograph.care/monson/wp-content/plugins/contact-form-7/includes/js/index5b21.js]
[autograph.care/monson/wp-content/plugins/uncode-privacy/assets/js/js-cookie.min3601.js]
[autograph.care/monson/wp-content/plugins/uncode-privacy/assets/js/uncode-privacy-public.min605a.js]
[autograph.care/monson/wp-content/plugins/wpcf7-redirect/build/js/wpcf7r-fe4963.js]
[autograph.care/monson/wp-includes/js/mediaelement/mediaelement-migrate.min9704.js]
[autograph.care/monson/wp-includes/js/mediaelement/mediaelement-and-player.min1f61.js]
[autograph.care/monson/wp-includes/js/mediaelement/wp-mediaelement.min9704.js]
[autograph.care/monson/wp-content/themes/uncode/library/js/app27e4.js]
[www.google.com/recaptcha/api9f00.js]
[autograph.care/monson/wp-includes/js/dist/vendor/wp-polyfill.min2c7c.js]
[autograph.care/monson/index3963.html]
[autograph.care/monson/wp-content/plugins/contact-form-7/modules/recaptcha/index5b21.js]
[autograph.care/monson/wp-content/themes/uncode/library/css/style4864.css]
[autograph.care/monson/wp-content/themes/uncode/library/css/uncode-icons4864.css]
[autograph.care/monson/wp-content/themes/uncode/library/css/style-custom24864.css]
[autograph.care/monson/wp-content/themes/uncode/library/js/plugins27e4.js]
[autograph.care/monson/wp-content/themes/uncode/library/js/init4864.js]
[autograph.care/monson/wp-content/themes/uncode-child/stylee4be.css]
[autograph.care/monson/index.html]
[autograph.care/monson/wp-includes/css/dist/block-library/style.min9704.css]
[autograph.care/monson/wp-content/plugins/contact-form-7/includes/css/styles5b21.css]
[autograph.care/monson/wp-content/plugins/uncode-privacy/assets/css/uncode-privacy-public605a.css]
[autograph.care/monson/wp-content/plugins/wpcf7-redirect/build/css/wpcf7-redirect-frontend.min4963.css]
[autograph.care/monson/wp-content/themes/uncode/library/js/app4864.js]
[autograph.care/monson/wp-content/themes/uncode/library/img/oval-anim-light.svg]
[autograph.care/monson/wp-content/themes/uncode/library/img/oval-anim-dark.svg]
[autograph.care/monson/wp-content/themes/uncode/library/img/ilightbox/social_icons/facebook_16.png]
[autograph.care/monson/wp-content/themes/uncode/library/img/ilightbox/social_icons/digg_16.png]
[autograph.care/monson/wp-content/themes/uncode/library/img/ilightbox/social_icons/twitter_16.png]
[autograph.care/monson/wp-content/themes/uncode/library/img/ilightbox/social_icons/reddit_16.png]
[autograph.care/monson/wp-content/themes/uncode/library/img/ilightbox/black-skin/alert.png]
[autograph.care/monson/wp-content/themes/uncode/library/img/ilightbox/black-skin/buttons.png]
[autograph.care/monson/wp-content/themes/uncode/library/img/ilightbox/black-skin/fullscreen-icon-64.png]
[autograph.care/monson/wp-content/themes/uncode/library/img/ilightbox/black-skin/fullscreen-icon-ie.png]
[autograph.care/monson/wp-content/themes/uncode/library/img/ilightbox/black-skin/x-mark-icon-64.png]
[autograph.care/monson/wp-content/themes/uncode/library/img/ilightbox/black-skin/x-mark-icon-ie.png]
[autograph.care/monson/wp-content/themes/uncode/library/js/plugins4864.js]
[autograph.care/monson/wp-content/themes/uncode/library/img/ilightbox/black-skin/arrow-next-icon-64.png]
[autograph.care/monson/wp-content/themes/uncode/library/img/ilightbox/black-skin/arrow-next-icon-ie.png]
[autograph.care/monson/wp-content/themes/uncode/library/img/ilightbox/black-skin/arrow-prev-icon-64.png]
[autograph.care/monson/wp-content/themes/uncode/library/img/ilightbox/black-skin/arrow-prev-icon-ie.png]
[autograph.care/monson/wp-content/themes/uncode/library/img/ilightbox/black-skin/play-icon-64.png]
[autograph.care/monson/wp-content/themes/uncode/library/img/ilightbox/black-skin/play-icon-ie.png]
[autograph.care/monson/wp-content/themes/uncode/library/img/ilightbox/black-skin/pause-icon-64.png]
[autograph.care/monson/wp-content/themes/uncode/library/img/ilightbox/black-skin/pause-icon-ie.png]
[autograph.care/monson/wp-content/themes/uncode/library/img/ilightbox/black-skin/thumb-overlay-play.png]
[autograph.care/monson/wp-content/themes/uncode/library/img/ilightbox/black-skin/arrows_vertical.png]
[autograph.care/monson/wp-content/themes/uncode/library/img/ilightbox/black-skin/arrows_horizontal.png]
[autograph.care/monson/wp-content/themes/uncode/library/img/ilightbox/white-skin/alert.png]
[autograph.care/monson/wp-content/themes/uncode/library/img/ilightbox/white-skin/buttons.png]
[autograph.care/monson/wp-content/themes/uncode/library/img/ilightbox/white-skin/fullscreen-icon-64.png]
[autograph.care/monson/wp-content/themes/uncode/library/img/ilightbox/white-skin/fullscreen-icon-ie.png]
[autograph.care/monson/wp-content/themes/uncode/library/img/ilightbox/white-skin/x-mark-icon-64.png]
[autograph.care/monson/wp-content/themes/uncode/library/img/ilightbox/white-skin/x-mark-icon-ie.png]
[autograph.care/monson/wp-content/themes/uncode/library/img/ilightbox/white-skin/arrow-next-icon-64.png]
[autograph.care/monson/wp-content/themes/uncode/library/img/ilightbox/white-skin/arrow-next-icon-ie.png]
[autograph.care/monson/wp-content/themes/uncode/library/img/ilightbox/white-skin/arrow-prev-icon-64.png]
[autograph.care/monson/wp-content/themes/uncode/library/img/ilightbox/white-skin/arrow-prev-icon-ie.png]
[autograph.care/monson/wp-content/themes/uncode/library/img/ilightbox/white-skin/play-icon-64.png]
[autograph.care/monson/wp-content/themes/uncode/library/img/ilightbox/white-skin/play-icon-ie.png]
[autograph.care/monson/wp-content/themes/uncode/library/img/ilightbox/white-skin/pause-icon-64.png]
[autograph.care/monson/wp-content/themes/uncode/library/img/ilightbox/white-skin/pause-icon-ie.png]
[autograph.care/monson/wp-content/themes/uncode/library/img/ilightbox/white-skin/thumb-overlay-play.png]
[autograph.care/monson/wp-content/themes/uncode/library/img/ilightbox/white-skin/arrows_vertical.png]
[autograph.care/monson/wp-content/themes/uncode/library/img/ilightbox/white-skin/arrows_horizontal.png]
[autograph.care/monson/wp-content/themes/uncode/library/css/owl.video.play.png]
[autograph.care/monson/wp-content/themes/uncode/library/css/background.png]
[autograph.care/monson/wp-content/themes/uncode/library/css/style27e4.css]
[autograph.care/monson/wp-content/themes/uncode/library/fonts/uncode-icons.eot]
[autograph.care/monson/wp-content/themes/uncode/library/fonts/uncode-iconsd41d.eot]
[autograph.care/monson/wp-content/themes/uncode/library/fonts/uncode-icons.woff2]
[autograph.care/monson/wp-content/themes/uncode/library/fonts/uncode-icons.woff]
[autograph.care/monson/wp-content/themes/uncode/library/fonts/uncode-icons.ttf]
[autograph.care/monson/wp-content/themes/uncode/library/css/uncode-icons27e4.css]
[autograph.care/monson/wp-content/themes/uncode/library/css/style-custom227e4.css]
[autograph.care/monson/wp-content/themes/uncode/library/css/style1460.css]
[autograph.care/monson/wp-content/themes/uncode/library/css/uncode-icons1460.css]
[autograph.care/monson/wp-content/themes/uncode/library/css/style-custom21460.css]
[autograph.care/monson/wp-content/themes/uncode/library/fonts/uncode-icons.svg]
[autograph.care/monson/wp-content/themes/uncode/library/js/init1460.js]
[autograph.care/monson/wp-content/themes/uncode-child/style5c09.css]
[autograph.care/monson/wp-json/wp/v2/pages/9893.json]
[autograph.care/monson/wp-json/oembed/1.0/embedc267.json]
[autograph.care/monson/wp-json/oembed/1.0/embed847d]
[autograph.care/monson/wp-content/uploads/sites/2/2021/06/carousel_1.jpg]
[autograph.care/monson/wp-content/themes/uncode-child/style40fc.css]
[autograph.care/monson/wp-content/uploads/sites/2/2021/06/carousel_1-uai-258x129.jpg]
[autograph.care/monson/wp-content/uploads/sites/2/2021/06/carousel_1-–-7.jpg]
[autograph.care/monson/wp-content/uploads/sites/2/2021/06/carousel_1-–-7-uai-258x129.jpg]
[autograph.care/monson/wp-content/uploads/sites/2/2021/06/carousel_1-–-4.jpg]
[autograph.care/monson/wp-content/uploads/sites/2/2021/06/carousel_1-–-4-uai-258x129.jpg]
[autograph.care/monson/wp-content/uploads/sites/2/2021/06/carousel_1-–-3.jpg]
[autograph.care/monson/wp-content/uploads/sites/2/2021/06/carousel_1-–-3-uai-258x129.jpg]
[autograph.care/monson/wp-content/uploads/sites/2/2021/06/carousel_1-–-2.jpg]
[autograph.care/monson/wp-content/uploads/sites/2/2021/06/carousel_1-–-2-uai-258x129.jpg]
[autograph.care/monson/wp-content/uploads/sites/2/2021/06/carousel_1-–-1.jpg]
[autograph.care/monson/wp-content/uploads/sites/2/2021/06/carousel_1-–-1-uai-258x129.jpg]
[autograph.care/monson/wp-content/uploads/sites/2/2022/01/PIC7.jpg]
[autograph.care/monson/wp-content/uploads/sites/2/2022/01/PIC7-uai-258x129.jpg]
[autograph.care/monson/wp-content/uploads/sites/2/2022/01/PIC2.jpg]
[autograph.care/monson/wp-content/uploads/sites/2/2022/01/PIC2-uai-258x129.jpg]
[autograph.care/monson/wp-content/uploads/sites/2/2022/01/Queens-birthday-celebration.jpg]
[autograph.care/monson/wp-content/uploads/sites/2/2022/01/Queens-birthday-celebration-uai-258x193.jpg]
[autograph.care/monson/wp-content/uploads/sites/2/2022/01/Birthday-celebrations.jpg]
[autograph.care/monson/wp-content/uploads/sites/2/2022/01/Birthday-celebrations-uai-258x193.jpg]
[autograph.care/monson/wp-content/uploads/sites/2/2022/01/Weekend-bingo.jpg]
[autograph.care/monson/wp-content/uploads/sites/2/2022/01/Weekend-bingo-uai-258x193.jpg]
[autograph.care/monson/wp-content/uploads/sites/2/2022/01/Dancing-in-the-lounge.jpg]
[autograph.care/monson/wp-content/uploads/sites/2/2022/01/Dancing-in-the-lounge-uai-258x193.jpg]
[autograph.care/monson/wp-content/uploads/sites/2/2022/01/Live-entertainment.jpg]
[autograph.care/monson/wp-content/uploads/sites/2/2022/01/Live-entertainment-uai-258x193.jpg]
[autograph.care/monson/life-in-our-home/index.html]
[autograph.care/monson/our-care/residential-care-lincoln/index.html]
[autograph.care/monson/our-care/dementia-care-lincoln/index.html]
[autograph.care/monson/our-care/respite-care-lincoln/index.html]
[autograph.care/monson/our-care/finances-and-information/index.html]
[autograph.care/monson/news-events/index.html]
[autograph.care/monson/get-in-touch/index.html]
[api.carehome.co.uk/assets/js/review_widget925a.html]
[autograph.care/monson/2024/08/01/monson-monthly-july-newsletter/index.html]
[autograph.care/monson/2024/07/02/monson-monthly-june-newsletter/index.html]
[autograph.care/monson/wp-content/themes/uncode/library/js/app1120.js]
[autograph.care/monson/wp-content/themes/uncode/library/css/style82c5.css]
[autograph.care/monson/wp-content/themes/uncode/library/js/plugins1120.js]
[autograph.care/monson/wp-content/themes/uncode/library/css/uncode-icons82c5.css]
[autograph.care/monson/wp-content/themes/uncode/library/css/style-custom282c5.css]
[autograph.care/monson/wp-content/themes/uncode/library/js/init82c5.js]
[autograph.care/monson/wp-content/themes/uncode-child/styleff89.css]
[autograph.care/monson/wp-json/wp/v2/posts/10253.json]
[autograph.care/monson/wp-json/oembed/1.0/embed417e.json]
[autograph.care/monson/wp-json/oembed/1.0/embed729f]
[autograph.care/monson/wp-content/uploads/sites/2/2024/05/monthly-newsletter-may.pdf]
[autograph.care/monson/2024/05/15/monson-monthly-may-newsletter/index.html]
[autograph.care/monson/wp-content/themes/uncode/library/js/app82c5.js]
[autograph.care/monson/wp-content/themes/uncode/library/css/style8a9a.css]
[autograph.care/monson/wp-content/themes/uncode/library/js/plugins82c5.js]
[autograph.care/monson/wp-content/themes/uncode/library/css/uncode-icons8a9a.css]
[autograph.care/monson/wp-content/themes/uncode/library/css/style-custom28a9a.css]
[autograph.care/monson/wp-content/themes/uncode/library/js/init8a9a.js]
[autograph.care/monson/wp-content/themes/uncode-child/style99fb.css]
[autograph.care/monson/wp-json/wp/v2/pages/53.json]
[autograph.care/monson/wp-json/oembed/1.0/embed6f3d.json]
[autograph.care/monson/wp-json/oembed/1.0/embed967d]
[autograph.care/monson/book-your-stay/index.html]
[autograph.care/monson/our-people/index.html]
[autograph.care/monson/wp-content/themes/uncode/library/css/styleefd9.css]
[autograph.care/monson/wp-content/themes/uncode/library/js/app8a9a.js]
[autograph.care/monson/wp-content/themes/uncode/library/css/uncode-iconsefd9.css]
[autograph.care/monson/wp-content/themes/uncode/library/css/style-custom2efd9.css]
[autograph.care/monson/wp-content/themes/uncode/library/js/plugins8a9a.js]
[autograph.care/monson/wp-content/themes/uncode/library/js/initefd9.js]
[autograph.care/monson/wp-json/wp/v2/pages/71.json]
[autograph.care/monson/wp-json/oembed/1.0/embed4c11.json]
[autograph.care/monson/wp-json/oembed/1.0/embedc055]
[autograph.care/monson/wp-content/uploads/sites/2/2021/06/header_health@2x-uai-258x145.jpg]
[autograph.care/monson/wp-content/uploads/sites/2/2021/06/food_nutrition_monson@2x-uai-258x229.jpg]
[autograph.care/monson/wp-content/themes/uncode-child/stylec9b4.css]
[autograph.care/monson/wp-content/uploads/sites/2/2021/06/amazing_facilities_monson@2x-uai-258x229.jpg]
[autograph.care/monson/wp-content/uploads/sites/2/2021/06/acitivities_monson@2x-uai-258x229.jpg]
[autograph.care/monson/health-well-being/index.html]
[autograph.care/monson/wp-content/themes/uncode/library/js/appefd9.js]
[autograph.care/monson/category/news/feed/index.html]
[autograph.care/monson/wp-content/themes/uncode/library/js/pluginsefd9.js]
[autograph.care/monson/wp-content/themes/uncode/library/css/style3800.css]
[autograph.care/monson/wp-content/themes/uncode/library/css/uncode-icons3800.css]
[autograph.care/monson/wp-content/themes/uncode/library/css/style-custom23800.css]
[autograph.care/monson/category/news/index.html]
[autograph.care/monson/category/events/feed/index.html]
[autograph.care/monson/wp-content/themes/uncode/library/css/uncode-icons841c.css]
[autograph.care/monson/wp-content/themes/uncode/library/css/style841c.css]
[autograph.care/monson/wp-content/themes/uncode/library/css/style-custom2841c.css]
[autograph.care/monson/wp-content/themes/uncode-child/style71f6.css]
[autograph.care/monson/wp-json/wp/v2/categories/1.json]
[autograph.care/monson/wp-content/themes/uncode/library/js/init841c.js]
[autograph.care/monson/wp-content/uploads/sites/2/2022/03/Social-Day-Rem.-Day-uai-258x75.jpg]
[autograph.care/monson/2021/07/26/early-onset-dementia-morning-cafe/index.html]
[autograph.care/monson/wp-content/themes/uncode-child/style3afb.css]
[autograph.care/monson/wp-content/uploads/sites/2/2021/07/Early-onset-morning-cafe-flyer-uai-258x182.png]
[autograph.care/monson/wp-content/uploads/sites/2/2017/04/LANCASTER-GROUP-VISIT-uai-258x145.jpg]
[autograph.care/monson/author/acgjoshua/index.html]
[autograph.care/monson/2017/04/05/trip-see-lancaster/index.html]
[autograph.care/monson/2017/04/05/masquerade-party/index.html]
[autograph.care/monson/wp-content/uploads/sites/2/2017/04/masquerade_party-uai-258x145.jpg]
[autograph.care/monson/category/events/index.html]
[autograph.care/monson/category/guides-to-care/feed/index.html]
[autograph.care/monson/wp-content/themes/uncode/library/js/app841c.js]
[autograph.care/monson/wp-content/themes/uncode/library/js/plugins841c.js]
[autograph.care/monson/wp-content/themes/uncode/library/css/uncode-iconsc520.css]
[autograph.care/monson/wp-content/themes/uncode/library/css/style-custom2c520.css]
[autograph.care/monson/wp-content/themes/uncode/library/js/initc520.js]
[autograph.care/monson/wp-json/wp/v2/categories/14.json]
[autograph.care/monson/wp-content/themes/uncode/library/js/appc520.js]
[autograph.care/monson/category/guides-to-care/index.html]
[autograph.care/monson/wp-content/themes/uncode/library/css/stylec520.css]
[autograph.care/monson/wp-content/themes/uncode-child/style1253.css]
[autograph.care/monson/wp-content/themes/uncode/library/css/style9540.css]
[autograph.care/monson/wp-content/themes/uncode/library/css/uncode-icons9540.css]
[autograph.care/monson/wp-content/themes/uncode/library/js/pluginsc520.js]
[autograph.care/monson/wp-content/themes/uncode/library/css/style-custom29540.css]
[autograph.care/monson/wp-content/themes/uncode/library/js/init9540.js]
[autograph.care/monson/wp-content/themes/uncode-child/stylec10b.css]
[autograph.care/monson/wp-json/wp/v2/pages/29.json]
[autograph.care/monson/wp-json/oembed/1.0/embeda1f7.json]
[autograph.care/monson/wp-json/oembed/1.0/embed7bc3]
[autograph.care/monson/privacy-policy/index.html]
[www.googletagmanager.com/gtm5445.html]
[autograph.care/monson/wp-content/themes/uncode/library/css/style4864.css]
[autograph.care/monson/wp-content/themes/uncode/library/css/uncode-icons4864.css]
[autograph.care/monson/wp-content/themes/uncode/library/css/style-custom24864.css]
[autograph.care/monson/wp-content/themes/uncode/library/js/app9540.js]
[autograph.care/monson/wp-content/themes/uncode-child/golden_plains-webfont.eot]
[autograph.care/monson/wp-content/themes/uncode-child/stylee4be.css]
[autograph.care/monson/wp-content/themes/uncode/library/img/oval-anim-light.svg]
[autograph.care/monson/wp-content/themes/uncode/library/img/oval-anim-dark.svg]
[autograph.care/monson/wp-content/themes/uncode/library/img/ilightbox/css/closedhand.html]
[autograph.care/monson/wp-content/themes/uncode/library/css/owl.video.play.html]
[autograph.care/monson/wp-content/themes/uncode/library/css/background.html]
[autograph.care/monson/wp-content/themes/uncode/library/fonts/uncode-icons.svg]
[autograph.care/monson/wp-content/themes/uncode-child/style5c09.css]
[autograph.care/monson/wp-content/themes/uncode/library/js/plugins9540.js]
[autograph.care/monson/wp-content/themes/uncode/library/css/style1460.css]
[autograph.care/monson/wp-content/themes/uncode/library/css/uncode-icons1460.css]
[autograph.care/monson/wp-content/themes/uncode/library/css/style-custom21460.css]
[autograph.care/monson/wp-content/themes/uncode-child/style40fc.css]
[autograph.care/monson/index3e19.html]
[autograph.care/monson/wp-content/uploads/sites/2/2022/01/Live-entertainment.jpg]
[autograph.care/monson/wp-content/themes/uncode-child/golden_plains-webfont.svg]
[autograph.care/monson/wp-content/uploads/sites/2/2022/01/MicrosoftTeams-image-1.jpg]
[autograph.care/monson/wp-content/uploads/sites/2/2022/01/MicrosoftTeams-image-1-uai-258x193.jpg]
[autograph.care/monson/wp-content/uploads/sites/2/2021/06/food_nutrition_monson-uai-258x229.jpg]
[autograph.care/monson/wp-content/themes/uncode/library/js/app1460.js]
[autograph.care/monson/wp-content/themes/uncode/library/js/plugins1460.js]
[autograph.care/monson/wp-content/themes/uncode/library/css/style8d96.css]
[autograph.care/monson/wp-content/themes/uncode/library/css/style-custom28d96.css]
[autograph.care/monson/wp-content/themes/uncode/library/js/init8d96.js]
[autograph.care/monson/wp-content/themes/uncode-child/style03fb.css]
[autograph.care/monson/wp-content/uploads/sites/2/2021/06/respite_three-uai-258x229.jpg]
[autograph.care/monson/wp-content/themes/uncode/library/css/uncode-icons8d96.css]
[autograph.care/monson/wp-json/wp/v2/pages/61]
[autograph.care/monson/wp-json/oembed/1.0/embedfead]
[autograph.care/monson/wp-content/uploads/sites/2/2021/06/residential_one@2x-uai-258x229.jpg]
[autograph.care/monson/wp-content/uploads/sites/2/2021/06/residential_two@2x-uai-258x229.jpg]
[autograph.care/monson/wp-content/uploads/sites/2/2021/06/residential_three@2x-uai-258x229.jpg]
[autograph.care/monson/wp-content/themes/uncode/library/js/app8d96.js]
[autograph.care/monson/wp-content/themes/uncode/library/js/plugins8d96.js]
[autograph.care/monson/wp-content/uploads/sites/2/2021/06/header_residential_care_monson@2x-uai-258x145.jpg]
[autograph.care/monson/wp-json/oembed/1.0/embed9778]
[autograph.care/monson/wp-content/themes/uncode/library/css/style-custom2a924.css]
[autograph.care/monson/wp-content/themes/uncode/library/css/uncode-iconsa924.css]
[autograph.care/monson/wp-content/themes/uncode/library/js/inita924.js]
[autograph.care/monson/wp-json/wp/v2/pages/63]
[autograph.care/monson/wp-content/themes/uncode-child/style7812.css]
[autograph.care/monson/wp-content/uploads/sites/2/2021/06/header_dementia_care@2x-scaled-uai-258x145.jpg]
[autograph.care/monson/wp-json/oembed/1.0/embed96bf]
[autograph.care/monson/wp-content/uploads/sites/2/2021/06/dementia_two@2x-uai-258x229.jpg]
[autograph.care/monson/wp-content/uploads/sites/2/2021/06/dementia_three@2x-uai-258x229.jpg]
[autograph.care/monson/wp-json/oembed/1.0/embed41d2]
[autograph.care/monson/wp-content/themes/uncode/library/js/appa924.js]
[autograph.care/monson/wp-content/themes/uncode/library/js/pluginsa924.js]
[autograph.care/monson/wp-content/themes/uncode/library/css/style-custom290a4.css]
[autograph.care/monson/wp-content/themes/uncode/library/css/style90a4.css]
[autograph.care/monson/wp-content/themes/uncode/library/js/init90a4.js]
[autograph.care/monson/wp-content/themes/uncode-child/style0525.css]
[autograph.care/monson/wp-content/uploads/sites/2/2021/06/dementia_one@2x-uai-258x229.jpg]
[autograph.care/monson/wp-content/themes/uncode/library/css/uncode-icons90a4.css]
[autograph.care/monson/wp-json/wp/v2/pages/65]
[autograph.care/monson/wp-content/uploads/sites/2/2021/06/respite_one@2x-uai-258x229.jpg]
[autograph.care/monson/wp-json/oembed/1.0/embed7552]
[autograph.care/monson/wp-content/uploads/sites/2/2021/06/header_respite_care_monson@2x-uai-258x145.jpg]
[autograph.care/monson/wp-json/oembed/1.0/embed80d7]
[autograph.care/monson/wp-content/uploads/sites/2/2021/06/respite_two@2x-uai-258x229.jpg]
[autograph.care/monson/wp-content/themes/uncode/library/css/style9918.css]
[autograph.care/monson/wp-content/themes/uncode/library/js/app90a4.js]
[autograph.care/monson/wp-content/uploads/sites/2/2021/06/respite_three@2x-uai-258x229.jpg]
[autograph.care/monson/wp-content/themes/uncode/library/css/style-custom29918.css]
[autograph.care/monson/wp-content/themes/uncode/library/js/init9918.js]
[autograph.care/monson/wp-content/themes/uncode/library/js/plugins90a4.js]
[autograph.care/monson/wp-content/themes/uncode-child/style7af1.css]
[autograph.care/monson/wp-content/themes/uncode/library/css/uncode-icons9918.css]
[autograph.care/monson/wp-json/wp/v2/pages/9806]
[autograph.care/monson/wp-content/uploads/sites/2/2021/10/resident_guide-monson.pdf]
[autograph.care/monson/wp-content/uploads/sites/2/2021/10/resident_contract-monson.pdf]
[autograph.care/monson/wp-content/themes/uncode/library/js/app9918.js]
[autograph.care/monson/wp-content/themes/uncode/library/js/plugins9918.js]
[autograph.care/monson/wp-content/themes/uncode/library/css/style3607.css]
[autograph.care/monson/wp-json/oembed/1.0/embedb916]
[autograph.care/monson/wp-content/themes/uncode/library/css/style-custom23607.css]
[autograph.care/monson/wp-content/themes/uncode/library/js/init3607.js]
[autograph.care/monson/wp-json/oembed/1.0/embedf66d]
[autograph.care/monson/wp-content/themes/uncode-child/style5713.css]
[autograph.care/monson/wp-content/themes/uncode/library/css/uncode-icons3607.css]
[autograph.care/monson/wp-json/wp/v2/pages/57]
[autograph.care/monson/wp-json/oembed/1.0/embed8537]
[autograph.care/monson/wp-json/oembed/1.0/embedc113]
[autograph.care/monson/wp-content/uploads/sites/2/2021/06/header_advice_support-uai-258x145.jpg]
[autograph.care/monson/wp-content/uploads/sites/2/2024/05/Screenshot-2024-05-15-at-16.25.00-uai-258x172.png]
[autograph.care/monson/2024/04/16/autograph-care-group-quarter-2-newsletter/index.html]
[autograph.care/monson/wp-content/uploads/sites/2/2024/04/quarter-2-newsletter-uai-258x172.jpg]
[autograph.care/monson/wp-content/uploads/sites/2/2024/02/greenmark-logo-uai-258x172.jpg]
[autograph.care/monson/2024/01/15/autograph-care-group-monson-24-newsletter/index.html]
[autograph.care/monson/2024/02/06/autograph-care-homes-achieve-green-mark-accreditation-paving-the-way-for-a-sustainable-future/index.html]
[autograph.care/monson/wp-content/uploads/sites/2/2024/01/Screenshot-2024-01-15-at-12.59.52-uai-258x172.png]
[autograph.care/monson/2022/06/17/monson-celebrates-the-queens-jubilee-in-style/index.html]
[autograph.care/monson/wp-content/uploads/sites/2/2022/06/285566890_383354180519310_7985518412167162803_n-uai-258x172.jpg]
[autograph.care/monson/2022/03/14/social-care-day-of-remembrance-and-reflection-17-march-2022/index.html]
[autograph.care/monson/2021/12/13/its-beginning-to-look-at-lot-like-christmas/index.html]
[autograph.care/monson/wp-content/uploads/sites/2/2022/03/Social-Day-Rem.-Day-uai-258x172.jpg]
[autograph.care/monson/wp-content/uploads/sites/2/2021/12/christmasmonson1-uai-258x172.jpg]
[autograph.care/monson/wp-content/themes/uncode/library/js/app3607.js]
[autograph.care/monson/wp-content/themes/uncode/library/js/plugins3607.js]
[autograph.care/monson/wp-content/themes/uncode/library/css/style-custom29d81.css]
[autograph.care/monson/wp-content/themes/uncode/library/css/style9d81.css]
[autograph.care/monson/wp-content/themes/uncode/library/js/init9d81.js]
[autograph.care/monson/wp-content/themes/uncode-child/styled29a.css]
[autograph.care/monson/wp-content/themes/uncode/library/css/uncode-icons9d81.css]
[autograph.care/monson/wp-content/uploads/sites/2/2021/04/mrh-84_holding_hands-uai-258x145.jpg]
[autograph.care/monson/wp-json/wp/v2/pages/55]
[autograph.care/monson/wp-content/themes/uncode/library/js/plugins9d81.js]
[autograph.care/monson/wp-content/themes/uncode/library/js/app9d81.js]
[autograph.care/monson/wp-json/oembed/1.0/embed09cf]
[autograph.care/monson/wp-content/themes/uncode/library/css/style545c.css]
[autograph.care/monson/wp-content/themes/uncode/library/css/style-custom2545c.css]
[autograph.care/monson/wp-content/themes/uncode/library/js/init545c.js]
[autograph.care/monson/wp-content/themes/uncode-child/style2f69.css]
[autograph.care/monson/wp-json/oembed/1.0/embed3ce6]
[autograph.care/monson/wp-content/themes/uncode/library/css/uncode-icons545c.css]
[autograph.care/monson/wp-content/uploads/sites/2/2024/05/Screenshot-2024-05-15-at-16.25.00-uai-258x205.png]
[autograph.care/monson/wp-content/uploads/sites/2/2024/08/august-newsletter-compressed.pdf]
[autograph.care/monson/wp-json/wp/v2/posts/10305]
[autograph.care/monson/author/acgadam/index.html]
[autograph.care/monson/wp-content/themes/uncode/library/js/app545c.js]
[autograph.care/monson/wp-content/themes/uncode/library/css/style1120.css]
[autograph.care/monson/wp-content/themes/uncode/library/js/plugins545c.js]
[autograph.care/monson/wp-content/themes/uncode/library/css/style-custom21120.css]
[autograph.care/monson/wp-json/oembed/1.0/embed300a]
[autograph.care/monson/wp-content/themes/uncode/library/js/init1120.js]
[autograph.care/monson/wp-content/themes/uncode-child/styleb352.css]
[autograph.care/monson/wp-content/themes/uncode/library/css/uncode-icons1120.css]
[autograph.care/monson/wp-content/uploads/sites/2/2024/07/Green-Modern-Monthly-Updates-School-Newspaper-Classroom-News-A4-Email-Newsletter-16-compressed.pdf]
[autograph.care/monson/wp-json/wp/v2/posts/10282]
[autograph.care/monson/wp-json/oembed/1.0/embed9641]
[autograph.care/monson/wp-content/themes/uncode/library/css/style82c5.css]
[autograph.care/monson/wp-content/themes/uncode/library/css/uncode-icons82c5.css]
[autograph.care/monson/wp-content/themes/uncode/library/css/style-custom282c5.css]
[autograph.care/monson/wp-content/themes/uncode-child/styleff89.css]
[autograph.care/monson/indexb2fd.html]
[autograph.care/monson/wp-content/themes/uncode/library/css/style8a9a.css]
[autograph.care/monson/wp-content/themes/uncode/library/css/uncode-icons8a9a.css]
[autograph.care/monson/wp-content/themes/uncode/library/css/style-custom28a9a.css]
[autograph.care/monson/wp-content/themes/uncode-child/style99fb.css]
[autograph.care/monson/index5fb3.html]
[autograph.care/monson/wp-content/themes/uncode/library/css/styleefd9.css]
[autograph.care/monson/wp-content/themes/uncode/library/css/uncode-iconsefd9.css]
[autograph.care/monson/wp-content/themes/uncode/library/css/style-custom2efd9.css]
[autograph.care/monson/wp-content/themes/uncode-child/stylec9b4.css]
[autograph.care/monson/index6cf3.html]
[autograph.care/monson/wp-content/themes/uncode/library/css/style3800.css]
[autograph.care/monson/wp-content/themes/uncode/library/css/uncode-icons3800.css]
[autograph.care/monson/wp-content/themes/uncode/library/css/style-custom23800.css]
[autograph.care/monson/wp-content/themes/uncode-child/style71f6.css]
[autograph.care/monson/wp-content/themes/uncode/library/css/style841c.css]
[autograph.care/monson/wp-content/themes/uncode/library/css/uncode-icons841c.css]
[autograph.care/monson/wp-content/themes/uncode/library/css/style-custom2841c.css]
[autograph.care/monson/wp-content/themes/uncode-child/style3afb.css]
[autograph.care/monson/wp-content/themes/uncode/library/css/style5a90.css]
[autograph.care/monson/wp-json/oembed/1.0/embede3d2]
[autograph.care/monson/wp-content/themes/uncode/library/css/uncode-icons5a90.css]
[autograph.care/monson/wp-content/themes/uncode/library/css/style-custom25a90.css]
[autograph.care/monson/wp-content/themes/uncode/library/js/init5a90.js]
[autograph.care/monson/wp-json/wp/v2/posts/9729.json]
[autograph.care/monson/wp-json/oembed/1.0/embed15fc.json]
[autograph.care/monson/wp-json/oembed/1.0/embedcea3]
[autograph.care/monson/wp-content/themes/uncode-child/stylec2e3.css]
[autograph.care/monson/2017/09/22/we-love-mexico/index.html]
[autograph.care/monson/2021/07/31/july-2021/index.html]
[autograph.care/monson/2021/07/26/early-onset-dementia-morning-cafe/index.html]
[autograph.care/monson/wp-content/themes/uncode/library/js/app5a90.js]
[autograph.care/monson/author/acgjoshua/feed/index.html]
[autograph.care/monson/wp-content/themes/uncode/library/css/uncode-iconsa85d.css]
[autograph.care/monson/wp-content/themes/uncode/library/css/style-custom2a85d.css]
[autograph.care/monson/wp-content/themes/uncode/library/css/stylea85d.css]
[autograph.care/monson/wp-content/themes/uncode/library/js/plugins5a90.js]
[autograph.care/monson/wp-json/wp/v2/users/4.json]
[autograph.care/monson/wp-content/uploads/sites/2/2021/09/New-furniture-1-uai-258x344.jpg]
[autograph.care/monson/wp-content/uploads/sites/2/2017/09/mexico_story-uai-258x194.jpg]
[autograph.care/monson/wp-content/uploads/sites/2/2017/06/Swimming-sized-2-uai-258x113.jpg]
[autograph.care/monson/wp-content/uploads/sites/2/2017/05/Bowling-Sized-uai-258x100.jpg]
[autograph.care/monson/wp-content/uploads/sites/2/2017/03/comic_relief@2x-scaled-uai-258x145.jpg]
[autograph.care/monson/2017/06/02/swimming/index.html]
[autograph.care/monson/wp-content/uploads/sites/2/2017/02/vulcan_trip-uai-258x413.jpg]
[autograph.care/monson/2017/03/20/comic-relief/index.html]
[autograph.care/monson/2017/02/10/vulcan-to-the-sky/index.html]
[autograph.care/monson/2017/05/07/bowling/index.html]
[autograph.care/monson/2017/01/26/joan-rivers/index.html]
[autograph.care/monson/wp-content/uploads/sites/2/2017/01/joan_rivers-uai-258x145.jpg]
[autograph.care/monson/author/acgjoshua/page/2/index.html]
[autograph.care/monson/author/acgjoshua/index.html]
[autograph.care/monson/wp-content/themes/uncode/library/js/appa85d.js]
[autograph.care/monson/wp-content/themes/uncode/library/css/uncode-iconsc86f.css]
[autograph.care/monson/wp-content/themes/uncode/library/css/stylec86f.css]
[autograph.care/monson/wp-content/themes/uncode/library/css/style-custom2c86f.css]
[autograph.care/monson/wp-content/themes/uncode/library/js/pluginsa85d.js]
[autograph.care/monson/wp-content/themes/uncode-child/style03a6.css]
[autograph.care/monson/wp-json/wp/v2/posts/2763.json]
[autograph.care/monson/wp-json/oembed/1.0/embed0592.json]
[autograph.care/monson/wp-content/themes/uncode/library/js/initc86f.js]
[autograph.care/monson/wp-json/oembed/1.0/embed5b12]
[autograph.care/monson/2017/04/05/trip-see-lancaster/index.html]
[autograph.care/monson/wp-content/themes/uncode/library/css/style-custom240a7.css]
[autograph.care/monson/wp-content/themes/uncode-child/style6174.css]
[autograph.care/monson/wp-content/themes/uncode/library/js/init40a7.js]
[autograph.care/monson/wp-json/wp/v2/posts/1225.json]
[autograph.care/monson/wp-json/oembed/1.0/embed8098.json]
[autograph.care/monson/wp-json/oembed/1.0/embedc506]
[autograph.care/monson/2017/04/05/masquerade-party/index.html]
[autograph.care/monson/wp-content/themes/uncode/library/css/stylec520.css]
[autograph.care/monson/wp-content/themes/uncode/library/css/uncode-iconsc520.css]
[autograph.care/monson/wp-content/themes/uncode/library/css/style-custom2c520.css]
[autograph.care/monson/wp-content/themes/uncode-child/style1253.css]
[autograph.care/monson/wp-content/themes/uncode/library/css/style9540.css]
[autograph.care/monson/wp-content/themes/uncode/library/css/uncode-icons9540.css]
[autograph.care/monson/wp-content/themes/uncode/library/css/style-custom29540.css]
[autograph.care/monson/wp-content/themes/uncode-child/stylec10b.css]
[autograph.care/monson/index9cd7.html]
[autograph.care/monson/xmlrpc.php]
[autograph.care/monson/wp-content/themes/uncode-child/golden_plains-webfont.svg]
[autograph.care/monson/wp-content/themes/uncode/library/js/ai-uncode.js' data-limit-density='true' id='unc/monson/' data-path='/monson/' data-breakpoints-images='258,516,720,1032,1440,2064,2880.html]
[autograph.care/monson/xmlrpc0db0.php]
[autograph.care/monson/wp-content/themes/uncode/library/css/style8d96.css]
[autograph.care/monson/wp-content/themes/uncode/library/css/uncode-icons8d96.css]
[autograph.care/monson/wp-content/themes/uncode/library/css/style-custom28d96.css]
[autograph.care/monson/wp-content/themes/uncode-child/style03fb.css]
[autograph.care/monson/index094d.html]
[autograph.care/monson/wp-content/themes/uncode/library/css/uncode-iconsa924.css]
[autograph.care/monson/wp-content/themes/uncode/library/css/style-custom2a924.css]
[autograph.care/monson/wp-content/themes/uncode-child/style7812.css]
[autograph.care/monson/index2cce.html]
[autograph.care/monson/wp-content/themes/uncode/library/css/style90a4.css]
[autograph.care/monson/wp-content/themes/uncode/library/css/uncode-icons90a4.css]
[autograph.care/monson/wp-content/themes/uncode/library/css/style-custom290a4.css]
[autograph.care/monson/wp-content/themes/uncode-child/style0525.css]
[autograph.care/monson/index7665.html]
[autograph.care/monson/wp-content/themes/uncode/library/css/style9918.css]
[autograph.care/monson/wp-content/themes/uncode/library/css/uncode-icons9918.css]
[autograph.care/monson/wp-content/themes/uncode/library/css/style-custom29918.css]
[autograph.care/monson/wp-content/themes/uncode-child/style7af1.css]
[autograph.care/monson/index5264.html]
[autograph.care/monson/wp-content/themes/uncode/library/css/style3607.css]
[autograph.care/monson/wp-content/themes/uncode/library/css/uncode-icons3607.css]
[autograph.care/monson/wp-content/themes/uncode/library/css/style-custom23607.css]
[autograph.care/monson/wp-content/themes/uncode-child/style5713.css]
[autograph.care/monson/index9787.html]
[autograph.care/monson/news-events]
[autograph.care/monson/news-eventse7a0]
[autograph.care/monson/news-events6797]
[autograph.care/monson/news-events/indexa36f.html]
[autograph.care/monson/news-events/index74e7.html]
[autograph.care/monson/wp-content/themes/uncode/library/css/uncode-icons630f.css]
[autograph.care/monson/wp-content/themes/uncode/library/css/style-custom2630f.css]
[autograph.care/monson/wp-content/themes/uncode/library/css/style630f.css]
[autograph.care/monson/wp-content/themes/uncode/library/js/init630f.js]
[autograph.care/monson/wp-json/wp/v2/posts/10228.json]
[autograph.care/monson/wp-json/oembed/1.0/embed317d.json]
[autograph.care/monson/wp-json/oembed/1.0/embede99b]
[autograph.care/monson/wp-content/uploads/sites/2/2024/04/quarter-2-newsletter-uai-258x188.jpg]
[autograph.care/monson/wp-content/uploads/sites/2/2024/04/Newsletter-2-compressed.pdf]
[autograph.care/monson/wp-content/themes/uncode-child/style2d8e.css]
[autograph.care/monson/wp-content/themes/uncode/library/js/app630f.js]
[autograph.care/monson/2024/04/16/autograph-care-group-quarter-2-newsletter/index.html]
[autograph.care/monson/wp-content/themes/uncode/library/css/style32e7.css]
[autograph.care/monson/wp-content/themes/uncode/library/css/uncode-icons32e7.css]
[autograph.care/monson/wp-content/themes/uncode/library/js/plugins630f.js]
[autograph.care/monson/wp-content/themes/uncode/library/css/style-custom232e7.css]
[autograph.care/monson/wp-content/themes/uncode/library/js/init32e7.js]
[autograph.care/monson/wp-content/themes/uncode-child/style42c3.css]
[autograph.care/monson/wp-json/wp/v2/posts/10188.json]
[autograph.care/monson/wp-json/oembed/1.0/embeda8e4.json]
[autograph.care/monson/wp-json/oembed/1.0/embedc88f]
[autograph.care/monson/wp-content/uploads/sites/2/2024/02/greenmark-logo-uai-258x229.jpg]
[autograph.care/monson/2024/02/06/autograph-care-homes-achieve-green-mark-accreditation-paving-the-way-for-a-sustainable-future/index.html]
[autograph.care/monson/wp-content/themes/uncode/library/js/app32e7.js]
[autograph.care/monson/wp-content/themes/uncode/library/js/plugins32e7.js]
[autograph.care/monson/wp-content/themes/uncode/library/css/style6f7e.css]
[autograph.care/monson/wp-content/themes/uncode/library/css/uncode-icons6f7e.css]
[autograph.care/monson/wp-content/themes/uncode/library/css/style-custom26f7e.css]
[autograph.care/monson/wp-content/themes/uncode/library/js/init6f7e.js]
[autograph.care/monson/wp-json/wp/v2/posts/10171.json]
[autograph.care/monson/wp-json/oembed/1.0/embedcc5d.json]
[autograph.care/monson/wp-json/oembed/1.0/embed2fe5]
[autograph.care/monson/wp-content/themes/uncode-child/styleb5a2.css]
[autograph.care/monson/wp-content/uploads/sites/2/2024/01/Screenshot-2024-01-15-at-12.59.52-uai-258x156.png]
[autograph.care/monson/wp-content/uploads/sites/2/2024/01/Jan-Mar_24.pdf]
[autograph.care/monson/2024/01/15/autograph-care-group-monson-24-newsletter/index.html]
[autograph.care/monson/wp-content/themes/uncode/library/js/app6f7e.js]
[autograph.care/monson/wp-content/themes/uncode/library/css/stylee23f.css]
[autograph.care/monson/wp-content/themes/uncode/library/css/uncode-iconse23f.css]
[autograph.care/monson/wp-content/themes/uncode/library/js/plugins6f7e.js]
[autograph.care/monson/wp-content/themes/uncode/library/css/style-custom2e23f.css]
[autograph.care/monson/wp-content/themes/uncode-child/styleafd8.css]
[autograph.care/monson/wp-content/themes/uncode/library/js/inite23f.js]
[autograph.care/monson/wp-json/wp/v2/posts/9975.json]
[autograph.care/monson/wp-json/oembed/1.0/embed77eb.json]
[autograph.care/monson/wp-json/oembed/1.0/embed0159]
[autograph.care/monson/wp-content/uploads/sites/2/2022/06/285566890_383354180519310_7985518412167162803_n-uai-258x326.jpg]
[autograph.care/monson/wp-content/uploads/sites/2/2022/06/286310559_385860510268677_7131136305677135769_n-244x300.jpg]
[autograph.care/monson/wp-content/uploads/sites/2/2022/06/286460787_385860576935337_2126483210654518549_n-178x300.jpg]
[autograph.care/monson/wp-content/uploads/sites/2/2022/06/284641041_385861226935272_8501618219913940261_n-154x300.jpg]
[autograph.care/monson/wp-content/uploads/sites/2/2022/06/286309795_385860543602007_3834127151067724089_n-203x300.jpg]
[autograph.care/monson/wp-content/uploads/sites/2/2022/06/285506700_385861253601936_6244932553926539424_n-181x300.jpg]
[autograph.care/monson/wp-content/uploads/sites/2/2022/06/285665659_383848540469874_1101890735463788199_n-220x300.jpg]
[autograph.care/monson/wp-content/uploads/sites/2/2022/06/286684448_386496040205124_8883227663640567813_n-257x300.jpg]
[autograph.care/monson/wp-content/uploads/sites/2/2022/06/284845290_386496266871768_700420918712299582_n-161x300.jpg]
[autograph.care/monson/wp-content/uploads/sites/2/2022/06/284783492_386496236871771_374006677618134159_n-161x300.jpg]
[autograph.care/monson/wp-content/uploads/sites/2/2022/06/284989236_386496253538436_5801522281525800136_n-201x300.jpg]
[autograph.care/monson/wp-content/uploads/sites/2/2022/06/288455248_392514602936601_733814957295970374_n-300x255.jpg]
[autograph.care/monson/wp-content/uploads/sites/2/2022/06/288625156_392514632936598_5839635849629452802_n-300x229.jpg]
[autograph.care/monson/wp-content/themes/uncode/library/js/appe23f.js]
[autograph.care/monson/2022/06/17/monson-celebrates-the-queens-jubilee-in-style/index.html]
[autograph.care/monson/wp-content/themes/uncode/library/js/pluginse23f.js]
[autograph.care/monson/wp-content/themes/uncode/library/css/uncode-iconsdf24.css]
[autograph.care/monson/wp-content/themes/uncode/library/css/styledf24.css]
[autograph.care/monson/wp-content/themes/uncode/library/js/initdf24.js]
[autograph.care/monson/wp-includes/js/wp-embed.min9704.js]
[autograph.care/monson/wp-json/wp/v2/posts/9960.json]
[autograph.care/monson/wp-json/oembed/1.0/embedfc4b.json]
[autograph.care/monson/wp-json/oembed/1.0/embed1266]
[autograph.care/monson/2022/03/14/social-care-day-of-remembrance-and-reflection-17-march-2022/index.html]
[autograph.care/monson/wp-content/themes/uncode/library/js/appdf24.js]
[autograph.care/monson/wp-content/themes/uncode-child/stylea1d8.css]
[autograph.care/monson/wp-content/themes/uncode/library/css/uncode-icons1fb7.css]
[autograph.care/monson/wp-content/themes/uncode/library/js/pluginsdf24.js]
[autograph.care/monson/wp-content/themes/uncode/library/css/style-custom21fb7.css]
[autograph.care/monson/wp-json/wp/v2/posts/9841.json]
[autograph.care/monson/wp-content/themes/uncode/library/js/init1fb7.js]
[autograph.care/monson/wp-content/themes/uncode-child/style102f.css]
[autograph.care/monson/wp-json/oembed/1.0/embed3cbc.json]
[autograph.care/monson/wp-json/oembed/1.0/embedca3c]
[autograph.care/monson/wp-content/uploads/sites/2/2021/12/christmasmonson1-uai-258x344.jpg]
[autograph.care/monson/wp-content/uploads/sites/2/2021/12/christmas-monson-2-225x300.jpg]
[autograph.care/monson/wp-content/uploads/sites/2/2021/12/christmas-monson-3-225x300.jpg]
[autograph.care/monson/wp-content/uploads/sites/2/2021/12/christmas-8-225x300.jpg]
[autograph.care/monson/wp-content/uploads/sites/2/2021/12/christmas-10-1-225x300.jpg]
[autograph.care/monson/wp-content/uploads/sites/2/2021/12/christmas-monson-5-225x300.jpg]
[autograph.care/monson/wp-content/uploads/sites/2/2021/12/Monson1-300x276.jpg]
[autograph.care/monson/2021/12/13/its-beginning-to-look-at-lot-like-christmas/index.html]
[autograph.care/monson/news-events/page/2]
[autograph.care/monson/wp-content/themes/uncode/library/js/app1fb7.js]
[autograph.care/monson/news-events/page/3]
[autograph.care/monson/wp-content/themes/uncode/library/css/style9d81.css]
[autograph.care/monson/wp-content/themes/uncode/library/css/uncode-icons9d81.css]
[autograph.care/monson/wp-content/themes/uncode/library/css/style-custom29d81.css]
[autograph.care/monson/wp-content/themes/uncode-child/styled29a.css]
[autograph.care/monson/index8054.html]
[autograph.care/monson/wp-content/themes/uncode/library/css/style545c.css]
[autograph.care/monson/wp-content/themes/uncode/library/css/uncode-icons545c.css]
[autograph.care/monson/wp-content/themes/uncode/library/css/style-custom2545c.css]
[autograph.care/monson/wp-content/themes/uncode-child/style2f69.css]
[autograph.care/monson/indexa5b2.html]
[autograph.care/monson/news-events/page/3/index.html]
[autograph.care/monson/news-events/page/2/index.html]
[autograph.care/monson/author/acgadam/feed/index.html]
[autograph.care/monson/wp-content/themes/uncode/library/css/style0a3f.css]
[autograph.care/monson/wp-json/oembed/1.0/embedcdd4]
[autograph.care/monson/wp-content/themes/uncode/library/css/uncode-icons0a3f.css]
[autograph.care/monson/wp-content/themes/uncode/library/js/plugins1fb7.js]
[autograph.care/monson/wp-content/themes/uncode/library/css/style-custom20a3f.css]
[autograph.care/monson/wp-content/themes/uncode/library/js/init0a3f.js]
[autograph.care/monson/wp-json/wp/v2/users/8.json]
[autograph.care/monson/wp-content/themes/uncode-child/style7d9a.css]
[autograph.care/monson/author/acgadam/index.html]
[autograph.care/monson/wp-content/themes/uncode/library/css/style1120.css]
[autograph.care/monson/wp-content/themes/uncode/library/css/uncode-icons1120.css]
[autograph.care/monson/wp-content/themes/uncode/library/css/style-custom21120.css]
[autograph.care/monson/wp-content/themes/uncode-child/styleb352.css]
[autograph.care/monson/index84c3.html]
[autograph.care/monson/wp-content/themes/uncode/library/css/style5a90.css]
[autograph.care/monson/wp-content/themes/uncode/library/css/uncode-icons5a90.css]
[autograph.care/monson/wp-content/themes/uncode/library/css/style-custom25a90.css]
[autograph.care/monson/wp-content/themes/uncode-child/stylec2e3.css]
[autograph.care/monson/index0965.html]
[autograph.care/monson/wp-content/themes/uncode/library/js/app0a3f.js]
[autograph.care/monson/wp-content/themes/uncode/library/js/plugins0a3f.js]
[autograph.care/monson/wp-content/themes/uncode/library/css/styleabcd.css]
[autograph.care/monson/wp-content/themes/uncode/library/css/uncode-iconsabcd.css]
[autograph.care/monson/wp-content/themes/uncode/library/css/style-custom2abcd.css]
[autograph.care/monson/wp-content/themes/uncode-child/style1cb7.css]
[autograph.care/monson/wp-content/themes/uncode/library/js/initabcd.js]
[autograph.care/monson/wp-json/wp/v2/posts/2787.json]
[autograph.care/monson/wp-json/oembed/1.0/embed9f43.json]
[autograph.care/monson/wp-json/oembed/1.0/embedf8ac]
[autograph.care/monson/2017/09/22/we-love-mexico/index.html]
[autograph.care/monson/wp-content/themes/uncode/library/css/uncode-iconse697.css]
[autograph.care/monson/wp-content/themes/uncode/library/css/style-custom2e697.css]
[autograph.care/monson/wp-content/themes/uncode/library/js/inite697.js]
[autograph.care/monson/wp-content/themes/uncode-child/style784b.css]
[autograph.care/monson/wp-json/wp/v2/posts/9757.json]
[autograph.care/monson/wp-json/oembed/1.0/embed4515.json]
[autograph.care/monson/wp-json/oembed/1.0/embeddde2]
[autograph.care/monson/wp-content/uploads/sites/2/2021/09/July-BBQ-300x254.png]
[autograph.care/monson/wp-content/uploads/sites/2/2021/09/New-furniture-4-225x300.jpg]
[autograph.care/monson/wp-content/uploads/sites/2/2021/09/New-furniture-2-225x300.jpg]
[autograph.care/monson/wp-content/uploads/sites/2/2021/09/New-furniture-1-225x300.jpg]
[autograph.care/monson/wp-content/uploads/sites/2/2021/07/Oomph-logo-300x154.png]
[autograph.care/monson/wp-content/uploads/sites/2/2021/09/Thank-you-Tish-and-Team-300x278.jpg]
[autograph.care/monson/wp-content/uploads/sites/2/2021/07/Fundraising-300x231.jpg]
[autograph.care/monson/wp-content/uploads/sites/2/2021/09/Monson-birthday-269x300.jpg]
[autograph.care/monson/2021/07/31/july-2021/index.html]
[autograph.care/monson/wp-content/themes/uncode/library/css/stylea85d.css]
[autograph.care/monson/wp-content/themes/uncode/library/css/uncode-iconsa85d.css]
[autograph.care/monson/wp-content/themes/uncode/library/css/style-custom2a85d.css]
[autograph.care/monson/wp-content/themes/uncode/library/js/appe697.js]
[autograph.care/monson/wp-content/themes/uncode/library/js/pluginse697.js]
[autograph.care/monson/wp-content/themes/uncode/library/js/inita85d.js]
[autograph.care/monson/wp-content/themes/uncode/library/css/style162b.css]
[autograph.care/monson/wp-content/themes/uncode-child/styled4d9.css]
[autograph.care/monson/wp-content/themes/uncode/library/css/uncode-icons162b.css]
[autograph.care/monson/wp-content/themes/uncode/library/css/style-custom2162b.css]
[autograph.care/monson/wp-content/themes/uncode/library/js/init162b.js]
[autograph.care/monson/wp-json/wp/v2/posts/2775.json]
[autograph.care/monson/wp-json/oembed/1.0/embed1d85.json]
[autograph.care/monson/wp-json/oembed/1.0/embed769c]
[autograph.care/monson/2017/06/02/swimming/index.html]
[autograph.care/monson/wp-content/themes/uncode-child/style40ab.css]
[autograph.care/monson/wp-content/themes/uncode/library/js/app162b.js]
[autograph.care/monson/wp-content/themes/uncode/library/css/uncode-icons7348.css]
[autograph.care/monson/wp-content/themes/uncode/library/css/style7348.css]
[autograph.care/monson/wp-content/themes/uncode/library/css/style-custom27348.css]
[autograph.care/monson/wp-content/themes/uncode/library/js/init7348.js]
[autograph.care/monson/wp-json/wp/v2/posts/2771.json]
[autograph.care/monson/wp-json/oembed/1.0/embed8ab1.json]
[autograph.care/monson/wp-content/themes/uncode-child/style9a28.css]
[autograph.care/monson/wp-content/themes/uncode/library/js/plugins162b.js]
[autograph.care/monson/wp-json/oembed/1.0/embedff6c]
[autograph.care/monson/2017/05/07/bowling/index.html]
[autograph.care/monson/wp-content/themes/uncode/library/css/uncode-iconsc4d6.css]
[autograph.care/monson/wp-content/themes/uncode/library/css/style-custom2c4d6.css]
[autograph.care/monson/wp-content/themes/uncode/library/js/initc4d6.js]
[autograph.care/monson/wp-json/wp/v2/posts/2782.json]
[autograph.care/monson/wp-json/oembed/1.0/embed0e92.json]
[autograph.care/monson/wp-json/oembed/1.0/embedf481]
[autograph.care/monson/2017/03/20/comic-relief/index.html]
[autograph.care/monson/wp-content/themes/uncode/library/css/style50c7.css]
[autograph.care/monson/wp-content/themes/uncode/library/css/uncode-icons50c7.css]
[autograph.care/monson/wp-content/themes/uncode/library/css/style-custom250c7.css]
[autograph.care/monson/wp-content/themes/uncode/library/js/init50c7.js]
[autograph.care/monson/wp-json/wp/v2/posts/2752.json]
[autograph.care/monson/wp-json/oembed/1.0/embed8492.json]
[autograph.care/monson/wp-json/oembed/1.0/embed5af7]
[autograph.care/monson/2017/02/10/vulcan-to-the-sky/index.html]
[autograph.care/monson/wp-content/themes/uncode/library/css/uncode-icons823a.css]
[autograph.care/monson/wp-content/themes/uncode/library/css/style823a.css]
[autograph.care/monson/wp-content/themes/uncode/library/css/style-custom2823a.css]
[autograph.care/monson/wp-content/themes/uncode/library/js/init823a.js]
[autograph.care/monson/wp-json/wp/v2/posts/2778.json]
[autograph.care/monson/wp-json/oembed/1.0/embedd8dd.json]
[autograph.care/monson/wp-json/oembed/1.0/embed705e]
[autograph.care/monson/2017/01/10/new-year/index.html]
[autograph.care/monson/wp-content/themes/uncode-child/style303e.css]
[autograph.care/monson/2017/01/26/joan-rivers/index.html]
[autograph.care/monson/wp-content/themes/uncode/library/js/app823a.js]
[autograph.care/monson/wp-content/themes/uncode/library/css/uncode-icons8445.css]
[autograph.care/monson/wp-content/themes/uncode/library/js/plugins823a.js]
[autograph.care/monson/wp-content/themes/uncode/library/css/style8445.css]
[autograph.care/monson/wp-content/themes/uncode/library/css/style-custom28445.css]
[autograph.care/monson/wp-content/themes/uncode/library/js/init8445.js]
[autograph.care/monson/wp-content/uploads/sites/2/2017/01/new_years_eve-uai-258x145.jpg]
[autograph.care/monson/2016/12/14/our-pub/index.html]
[autograph.care/monson/wp-content/uploads/sites/2/2016/12/monson_pub-uai-258x145.jpg]
[autograph.care/monson/2016/11/30/a-birthday-request/index.html]
[autograph.care/monson/wp-content/uploads/sites/2/2016/11/birthday_celebrations-uai-258x145.jpg]
[autograph.care/monson/wp-content/uploads/sites/2/2016/10/Lincoln_baron-uai-258x145.jpg]
[autograph.care/monson/2016/10/29/lincoln-baron/index.html]
[autograph.care/monson/wp-content/themes/uncode-child/style0922.css]
[autograph.care/monson/author/acgjoshua/page/2/index.html]
[autograph.care/monson/wp-content/themes/uncode/library/css/stylec86f.css]
[autograph.care/monson/wp-content/themes/uncode/library/css/uncode-iconsc86f.css]
[autograph.care/monson/wp-content/themes/uncode/library/css/style-custom2c86f.css]
[autograph.care/monson/wp-content/themes/uncode-child/style03a6.css]
[autograph.care/monson/index7f6d.html]
[autograph.care/monson/wp-content/themes/uncode/library/js/app8445.js]
[autograph.care/monson/wp-content/themes/uncode/library/css/style40a7.css]
[autograph.care/monson/wp-content/themes/uncode/library/js/plugins8445.js]
[autograph.care/monson/wp-content/themes/uncode/library/css/style-custom240a7.css]
[autograph.care/monson/wp-content/themes/uncode-child/style6174.css]
[autograph.care/monson/indexf5cb.html]
[autograph.care/monson/wp-content/themes/uncode/library/js/appc86f.js]
[autograph.care/monson/wp-content/themes/uncode/library/js/pluginsc86f.js]
[autograph.care/monson/wp-content/themes/uncode/library/css/stylea924.css]
[autograph.care/monson/wp-content/themes/uncode/library/js/app40a7.js]
[autograph.care/monson/wp-content/themes/uncode/library/css/uncode-icons40a7.css]
[autograph.care/monson/wp-content/themes/uncode/library/css/uncode-iconsa0b8.css]
[autograph.care/monson/wp-content/themes/uncode/library/css/style-custom2a0b8.css]
[autograph.care/monson/wp-content/themes/uncode/library/css/stylea0b8.css]
[autograph.care/monson/wp-content/themes/uncode/library/js/inita0b8.js]
[autograph.care/monson/wp-content/themes/uncode/library/js/plugins40a7.js]
[autograph.care/monson/news-events/page/3/indexa020.html]
[autograph.care/monson/wp-content/themes/uncode/library/js/appa0b8.js]
[autograph.care/monson/news-events/indexa36f.html]
[autograph.care/monson/wp-content/themes/uncode/library/js/pluginsa0b8.js]
[autograph.care/monson/wp-content/themes/uncode/library/css/style6fb8.css]
[autograph.care/monson/wp-content/themes/uncode/library/css/uncode-icons6fb8.css]
[autograph.care/monson/wp-content/themes/uncode/library/css/style-custom26fb8.css]
[autograph.care/monson/wp-content/themes/uncode-child/style6a60.css]
[autograph.care/monson/wp-content/themes/uncode/library/js/init6fb8.js]
[autograph.care/monson/news-events/page/2/index6592.html]
[autograph.care/monson/news-events/page/3/index6592.html]
[autograph.care/monson/wp-content/themes/uncode/library/js/plugins6fb8.js]
[autograph.care/monson/news-events/index74e7.html]
[autograph.care/monson/wp-content/themes/uncode/library/css/style630f.css]
[autograph.care/monson/wp-content/themes/uncode/library/css/uncode-icons630f.css]
[autograph.care/monson/wp-content/themes/uncode/library/css/style-custom2630f.css]
[autograph.care/monson/wp-content/themes/uncode-child/style2d8e.css]
[autograph.care/monson/index078c.html]
[autograph.care/monson/wp-content/uploads/sites/2/2024/04/Newsletter-2-compressed.pdf]
[autograph.care/monson/wp-content/themes/uncode/library/js/app6fb8.js]
[autograph.care/monson/wp-content/themes/uncode/library/css/style32e7.css]
[autograph.care/monson/wp-content/themes/uncode/library/css/uncode-icons32e7.css]
[autograph.care/monson/wp-content/themes/uncode/library/css/style-custom232e7.css]
[autograph.care/monson/wp-content/themes/uncode-child/style42c3.css]
[autograph.care/monson/index499a.html]
[autograph.care/monson/wp-content/themes/uncode/library/css/style6f7e.css]
[autograph.care/monson/wp-content/themes/uncode/library/css/uncode-icons6f7e.css]
[autograph.care/monson/wp-content/themes/uncode/library/css/style-custom26f7e.css]
[autograph.care/monson/wp-content/themes/uncode-child/styleb5a2.css]
[autograph.care/monson/index6c61.html]
[autograph.care/monson/wp-content/themes/uncode/library/css/stylee23f.css]
[autograph.care/monson/wp-content/themes/uncode/library/css/uncode-iconse23f.css]
[autograph.care/monson/wp-content/themes/uncode/library/css/style-custom2e23f.css]
[autograph.care/monson/wp-content/uploads/sites/2/2024/01/Jan-Mar_24.pdf]
[autograph.care/monson/wp-content/themes/uncode-child/styleafd8.css]
[autograph.care/monson/index2b2a.html]
[autograph.care/monson/wp-content/themes/uncode/library/css/styledf24.css]
[autograph.care/monson/wp-content/themes/uncode/library/css/uncode-iconsdf24.css]
[autograph.care/monson/wp-content/themes/uncode/library/css/style-custom2df24.css]
[autograph.care/monson/wp-content/themes/uncode-child/stylea1d8.css]
[autograph.care/monson/indexf4fb.html]
[autograph.care/monson/wp-content/themes/uncode/library/css/style1fb7.css]
[autograph.care/monson/wp-content/themes/uncode/library/css/uncode-icons1fb7.css]
[autograph.care/monson/wp-content/themes/uncode/library/css/style-custom21fb7.css]
[autograph.care/monson/wp-content/themes/uncode-child/style102f.css]
[autograph.care/monson/index34e2.html]
[autograph.care/monson/wp-content/themes/uncode/library/css/stylefcec.css]
[autograph.care/monson/wp-content/themes/uncode/library/css/uncode-iconsfcec.css]
[autograph.care/monson/wp-content/themes/uncode/library/css/style-custom2fcec.css]
[autograph.care/monson/wp-content/themes/uncode/library/js/initfcec.js]
[autograph.care/monson/wp-content/themes/uncode-child/style5abf.css]
[autograph.care/monson/wp-content/uploads/sites/2/2021/09/New-furniture-1-uai-258x172.jpg]
[autograph.care/monson/news-events/page/2/index6797.html]
[autograph.care/monson/wp-content/uploads/sites/2/2021/07/Early-onset-morning-cafe-flyer-uai-258x172.png]
[autograph.care/monson/wp-content/uploads/sites/2/2017/09/mexico_story-uai-258x172.jpg]
[autograph.care/monson/wp-content/uploads/sites/2/2017/06/Swimming-sized-2-uai-258x172.jpg]
[autograph.care/monson/wp-content/uploads/sites/2/2017/05/Bowling-Sized-uai-258x172.jpg]
[autograph.care/monson/wp-content/uploads/sites/2/2017/04/LANCASTER-GROUP-VISIT-uai-258x172.jpg]
[autograph.care/monson/wp-content/uploads/sites/2/2017/04/masquerade_party-uai-258x172.jpg]
[autograph.care/monson/wp-content/uploads/sites/2/2017/03/comic_relief@2x-scaled-uai-258x172.jpg]
[autograph.care/monson/wp-content/uploads/sites/2/2017/02/vulcan_trip-uai-258x172.jpg]
[autograph.care/monson/news-events/page/2/index.html]
[autograph.care/monson/wp-content/themes/uncode/library/js/appfcec.js]
[autograph.care/monson/wp-content/themes/uncode/library/css/uncode-iconsb4eb.css]
[autograph.care/monson/news-events/page/2/indexe7a0.html]
[autograph.care/monson/wp-content/themes/uncode/library/css/styleb4eb.css]
[autograph.care/monson/wp-content/themes/uncode/library/css/style-custom2b4eb.css]
[autograph.care/monson/wp-content/themes/uncode/library/js/pluginsfcec.js]
[autograph.care/monson/wp-content/themes/uncode/library/js/initb4eb.js]
[autograph.care/monson/news-events/page/3/indexe7a0.html]
[autograph.care/monson/news-events/page/3/index6797.html]
[autograph.care/monson/wp-content/themes/uncode-child/stylede7e.css]
[autograph.care/monson/wp-content/uploads/sites/2/2017/01/joan_rivers-uai-258x172.jpg]
[autograph.care/monson/wp-content/uploads/sites/2/2017/01/new_years_eve-uai-258x172.jpg]
[autograph.care/monson/wp-content/uploads/sites/2/2016/12/monson_pub-uai-258x172.jpg]
[autograph.care/monson/wp-content/uploads/sites/2/2016/11/birthday_celebrations-uai-258x172.jpg]
[autograph.care/monson/wp-content/uploads/sites/2/2016/10/Lincoln_baron-uai-258x172.jpg]
[autograph.care/monson/news-events/page/3/index.html]
[connect.facebook.net/en_GB/sdk.js]
[autograph.care/monson/wp-content/themes/uncode/library/css/style0a3f.css]
[autograph.care/monson/wp-content/themes/uncode/library/css/uncode-icons0a3f.css]
[autograph.care/monson/wp-content/themes/uncode/library/css/style-custom20a3f.css]
[autograph.care/monson/wp-content/themes/uncode-child/style7d9a.css]
[autograph.care/monson/wp-content/themes/uncode/library/js/appb4eb.js]
[autograph.care/monson/wp-content/themes/uncode/library/css/styleabcd.css]
[autograph.care/monson/wp-content/themes/uncode/library/css/uncode-iconsabcd.css]
[autograph.care/monson/wp-content/themes/uncode/library/css/style-custom2abcd.css]
[autograph.care/monson/wp-content/themes/uncode-child/style1cb7.css]
[autograph.care/monson/index29be.html]
[autograph.care/monson/wp-content/themes/uncode/library/js/pluginsb4eb.js]
[autograph.care/monson/wp-content/themes/uncode/library/css/uncode-iconse697.css]
[autograph.care/monson/wp-content/themes/uncode/library/css/style-custom2e697.css]
[autograph.care/monson/wp-content/themes/uncode-child/style784b.css]
[autograph.care/monson/index0a2a.html]
[autograph.care/monson/wp-content/themes/uncode-child/styled4d9.css]
[autograph.care/monson/wp-content/themes/uncode/library/css/style162b.css]
[autograph.care/monson/wp-content/themes/uncode/library/css/uncode-icons162b.css]
[autograph.care/monson/wp-content/themes/uncode/library/css/style-custom2162b.css]
[autograph.care/monson/wp-content/themes/uncode/library/js/appabcd.js]
[autograph.care/monson/wp-content/themes/uncode-child/style40ab.css]
[autograph.care/monson/index1dad.html]
[autograph.care/monson/wp-content/themes/uncode/library/css/style7348.css]
[autograph.care/monson/wp-content/themes/uncode/library/css/uncode-icons7348.css]
[autograph.care/monson/wp-content/themes/uncode/library/css/style-custom27348.css]
[autograph.care/monson/wp-content/themes/uncode-child/style9a28.css]
[autograph.care/monson/index2cf7.html]
[autograph.care/monson/wp-content/themes/uncode/library/css/stylee697.css]
[autograph.care/monson/wp-content/themes/uncode/library/css/uncode-iconsc4d6.css]
[autograph.care/monson/wp-content/themes/uncode/library/css/style-custom2c4d6.css]
[autograph.care/monson/wp-content/themes/uncode/library/js/pluginsabcd.js]
[autograph.care/monson/indexfa1b.html]
[autograph.care/monson/wp-content/themes/uncode/library/css/style50c7.css]
[autograph.care/monson/wp-content/themes/uncode/library/css/uncode-icons50c7.css]
[autograph.care/monson/wp-content/themes/uncode/library/css/style-custom250c7.css]
[autograph.care/monson/wp-content/themes/uncode/library/js/plugins7348.js]
[autograph.care/monson/index28aa.html]
[autograph.care/monson/wp-content/themes/uncode/library/js/appc4d6.js]
[autograph.care/monson/wp-content/themes/uncode/library/js/pluginsc4d6.js]
[autograph.care/monson/wp-content/themes/uncode-child/style09af.css]
[autograph.care/monson/wp-content/themes/uncode/library/css/style823a.css]
[autograph.care/monson/wp-content/themes/uncode/library/css/uncode-icons823a.css]
[autograph.care/monson/wp-content/themes/uncode/library/css/style-custom2823a.css]
[autograph.care/monson/wp-content/themes/uncode-child/style303e.css]
[autograph.care/monson/indexdbd1.html]
[autograph.care/monson/wp-content/themes/uncode/library/js/app50c7.js]
[autograph.care/monson/wp-content/themes/uncode/library/css/uncode-iconsd779.css]
[autograph.care/monson/wp-content/themes/uncode/library/css/styled779.css]
[autograph.care/monson/wp-content/themes/uncode/library/css/style-custom2d779.css]
[autograph.care/monson/wp-content/themes/uncode/library/js/initd779.js]
[autograph.care/monson/wp-json/wp/v2/posts/1213.json]
[autograph.care/monson/wp-json/oembed/1.0/embedcce1.json]
[autograph.care/monson/wp-json/oembed/1.0/embed11d3]
[autograph.care/monson/wp-content/themes/uncode/library/js/plugins50c7.js]
[autograph.care/monson/wp-content/themes/uncode-child/style4a5b.css]
[autograph.care/monson/2017/01/10/new-year/index.html]
[autograph.care/monson/wp-content/themes/uncode/library/css/style8445.css]
[autograph.care/monson/wp-content/themes/uncode/library/css/uncode-icons8445.css]
[autograph.care/monson/wp-content/themes/uncode/library/css/style-custom28445.css]
[autograph.care/monson/wp-content/themes/uncode-child/style0922.css]
[autograph.care/monson/wp-content/themes/uncode/library/css/style656e.css]
[autograph.care/monson/wp-content/themes/uncode/library/css/uncode-icons656e.css]
[autograph.care/monson/wp-content/themes/uncode/library/css/style-custom2656e.css]
[autograph.care/monson/wp-content/themes/uncode-child/style44fc.css]
[autograph.care/monson/wp-content/themes/uncode/library/js/init656e.js]
[autograph.care/monson/wp-json/wp/v2/posts/1229.json]
[autograph.care/monson/wp-json/oembed/1.0/embeda76e.json]
[autograph.care/monson/wp-json/oembed/1.0/embed7419]
[autograph.care/monson/2016/12/14/our-pub/index.html]
[autograph.care/monson/wp-content/themes/uncode/library/css/uncode-icons1983.css]
[autograph.care/monson/wp-content/themes/uncode/library/css/style-custom21983.css]
[autograph.care/monson/wp-content/themes/uncode/library/js/init1983.js]
[autograph.care/monson/wp-json/wp/v2/posts/1227.json]
[autograph.care/monson/wp-json/oembed/1.0/embed7fb8.json]
[autograph.care/monson/wp-content/themes/uncode-child/stylef708.css]
[autograph.care/monson/wp-json/oembed/1.0/embed4b7c]
[autograph.care/monson/2016/11/30/a-birthday-request/index.html]
[autograph.care/monson/wp-content/themes/uncode/library/css/style-custom2f009.css]
[autograph.care/monson/wp-content/themes/uncode/library/js/initf009.js]
[autograph.care/monson/wp-content/themes/uncode-child/styleb379.css]
[autograph.care/monson/wp-json/wp/v2/posts/1231.json]
[autograph.care/monson/wp-json/oembed/1.0/embed9c71.json]
[autograph.care/monson/wp-json/oembed/1.0/embed6fcf]
[autograph.care/monson/2016/10/29/lincoln-baron/index.html]
[autograph.care/monson/wp-content/themes/uncode/library/css/style40a7.css]
[autograph.care/monson/wp-content/themes/uncode/library/css/uncode-icons40a7.css]
[autograph.care/monson/wp-content/themes/uncode/library/css/stylea0b8.css]
[autograph.care/monson/wp-content/themes/uncode/library/css/uncode-iconsa0b8.css]
[autograph.care/monson/wp-content/themes/uncode/library/css/style-custom2a0b8.css]
[autograph.care/monson/news-events/page/2/indexa020.html]
[autograph.care/monson/wp-content/themes/uncode/library/css/uncode-icons5a5b.css]
[autograph.care/monson/wp-content/themes/uncode/library/css/style5a5b.css]
[autograph.care/monson/wp-content/themes/uncode/library/css/style-custom25a5b.css]
[autograph.care/monson/wp-content/themes/uncode/library/js/init5a5b.js]
[autograph.care/monson/news-events/indexa020.html]
[autograph.care/monson/wp-content/themes/uncode/library/js/app5a5b.js]
[autograph.care/monson/news-events/page/3/indexa020.html]
[autograph.care/monson/wp-content/themes/uncode/library/css/style6fb8.css]
[autograph.care/monson/wp-content/themes/uncode/library/css/uncode-icons6fb8.css]
[autograph.care/monson/wp-content/themes/uncode/library/css/style-custom26fb8.css]
[autograph.care/monson/wp-content/themes/uncode-child/style6a60.css]
[autograph.care/monson/wp-content/themes/uncode-child/style677e.css]
[autograph.care/monson/wp-content/themes/uncode/library/js/plugins5a5b.js]
[autograph.care/monson/wp-content/themes/uncode/library/css/style1ac1.css]
[autograph.care/monson/wp-content/themes/uncode/library/css/uncode-icons1ac1.css]
[autograph.care/monson/wp-content/themes/uncode/library/css/style-custom21ac1.css]
[autograph.care/monson/wp-content/themes/uncode/library/js/init1ac1.js]
[autograph.care/monson/wp-content/themes/uncode-child/style858c.css]
[autograph.care/monson/news-events/index6592.html]
[autograph.care/monson/news-events/page/2/index6592.html]
[autograph.care/monson/wp-content/themes/uncode/library/js/app1ac1.js]
[autograph.care/monson/wp-content/themes/uncode/library/css/uncode-icons0d6a.css]
[autograph.care/monson/wp-content/themes/uncode/library/css/style0d6a.css]
[autograph.care/monson/wp-content/themes/uncode/library/css/style-custom20d6a.css]
[autograph.care/monson/wp-content/themes/uncode/library/js/init0d6a.js]
[autograph.care/monson/wp-content/themes/uncode-child/style9f83.css]
[autograph.care/monson/news-events/page/3/index6592.html]
[autograph.care/monson/wp-content/themes/uncode/library/js/plugins1ac1.js]
[autograph.care/monson/wp-content/uploads/sites/2/2024/01/Jan-Mar_24.pdf]
[autograph.care/monson/wp-content/themes/uncode/library/css/style-custom2df24.css]
[autograph.care/monson/wp-content/themes/uncode/library/js/app0d6a.js]
[autograph.care/monson/wp-content/themes/uncode/library/css/style1fb7.css]
[autograph.care/monson/wp-content/themes/uncode/library/css/stylefcec.css]
[autograph.care/monson/wp-content/themes/uncode/library/css/uncode-iconsfcec.css]
[autograph.care/monson/wp-content/themes/uncode/library/css/style-custom2fcec.css]
[autograph.care/monson/wp-content/themes/uncode-child/style5abf.css]
[autograph.care/monson/wp-content/themes/uncode/library/css/style10d8.css]
[autograph.care/monson/wp-content/themes/uncode/library/js/plugins0d6a.js]
[autograph.care/monson/wp-content/themes/uncode/library/css/uncode-icons10d8.css]
[autograph.care/monson/wp-content/themes/uncode/library/css/style-custom210d8.css]
[autograph.care/monson/wp-content/themes/uncode/library/js/init10d8.js]
[autograph.care/monson/wp-content/themes/uncode-child/style2a88.css]
[autograph.care/monson/news-events/page/2/indexe7a0.html]
[autograph.care/monson/wp-content/themes/uncode/library/css/style9089.css]
[autograph.care/monson/wp-content/themes/uncode/library/js/app10d8.js]
[autograph.care/monson/wp-content/themes/uncode/library/css/uncode-icons9089.css]
[autograph.care/monson/wp-content/themes/uncode/library/css/style-custom29089.css]
[autograph.care/monson/wp-content/themes/uncode/library/js/plugins10d8.js]
[autograph.care/monson/wp-content/themes/uncode/library/js/init9089.js]
[autograph.care/monson/news-events/index786e.html]
[autograph.care/monson/wp-content/themes/uncode-child/stylef5a0.css]
[autograph.care/monson/news-events/index24bd.html]
[autograph.care/monson/news-events/page/2/index6797.html]
[autograph.care/monson/wp-content/themes/uncode/library/css/styleb4eb.css]
[autograph.care/monson/wp-content/themes/uncode/library/css/uncode-iconsb4eb.css]
[autograph.care/monson/wp-content/themes/uncode/library/css/style-custom2b4eb.css]
[autograph.care/monson/wp-content/themes/uncode-child/stylede7e.css]
[autograph.care/monson/wp-content/themes/uncode/library/css/styledbeb.css]
[autograph.care/monson/wp-content/themes/uncode/library/js/app9089.js]
[autograph.care/monson/wp-content/themes/uncode/library/js/plugins9089.js]
[autograph.care/monson/wp-content/themes/uncode/library/css/uncode-iconsdbeb.css]
[autograph.care/monson/wp-content/themes/uncode/library/css/style-custom2dbeb.css]
[autograph.care/monson/wp-content/themes/uncode/library/js/initdbeb.js]
[autograph.care/monson/wp-content/themes/uncode-child/stylefdb6.css]
[autograph.care/monson/news-events/page/3/indexe7a0.html]
[autograph.care/monson/wp-content/themes/uncode/library/js/appdbeb.js]
[autograph.care/monson/wp-content/themes/uncode/library/css/style0d35.css]
[autograph.care/monson/wp-content/themes/uncode/library/js/pluginsdbeb.js]
[autograph.care/monson/wp-content/themes/uncode/library/css/uncode-icons0d35.css]
[autograph.care/monson/wp-content/themes/uncode/library/css/style-custom20d35.css]
[autograph.care/monson/wp-content/themes/uncode/library/js/init0d35.js]
[autograph.care/monson/wp-content/themes/uncode-child/style133f.css]
[autograph.care/monson/news-events/index4c48.html]
[autograph.care/monson/news-events/page/3/index6797.html]
[autograph.care/monson/wp-content/themes/uncode/library/css/stylee697.css]
[autograph.care/monson/wp-content/themes/uncode/library/js/app0d35.js]
[autograph.care/monson/wp-content/themes/uncode/library/js/app7348.js]
[autograph.care/monson/wp-content/themes/uncode/library/css/stylec4d6.css]
[autograph.care/monson/wp-content/themes/uncode-child/style09af.css]
[autograph.care/monson/wp-content/themes/uncode/library/css/styled779.css]
[autograph.care/monson/wp-content/themes/uncode/library/css/uncode-iconsd779.css]
[autograph.care/monson/wp-content/themes/uncode/library/css/style-custom2d779.css]
[autograph.care/monson/wp-content/themes/uncode-child/style4a5b.css]
[autograph.care/monson/index6b98.html]
[autograph.care/monson/wp-content/themes/uncode/library/js/plugins0d35.js]
[autograph.care/monson/wp-content/themes/uncode/library/css/style656e.css]
[autograph.care/monson/wp-content/themes/uncode/library/css/uncode-icons656e.css]
[autograph.care/monson/wp-content/themes/uncode/library/css/style-custom2656e.css]
[autograph.care/monson/wp-content/themes/uncode-child/style44fc.css]
[autograph.care/monson/indexde04.html]
[autograph.care/monson/wp-content/themes/uncode/library/js/appd779.js]
[autograph.care/monson/wp-content/themes/uncode/library/js/app656e.js]
[autograph.care/monson/wp-content/themes/uncode/library/css/style1983.css]
[autograph.care/monson/wp-content/themes/uncode/library/css/uncode-icons1983.css]
[autograph.care/monson/wp-content/themes/uncode/library/css/style-custom21983.css]
[autograph.care/monson/wp-content/themes/uncode-child/stylef708.css]
[autograph.care/monson/indexc7c9.html]
[autograph.care/monson/wp-content/themes/uncode/library/js/plugins656e.js]
[autograph.care/monson/wp-content/themes/uncode/library/css/stylef009.css]
[autograph.care/monson/wp-content/themes/uncode/library/js/app1983.js]
[autograph.care/monson/wp-content/themes/uncode/library/css/style-custom2f009.css]
[autograph.care/monson/wp-content/themes/uncode-child/styleb379.css]
[autograph.care/monson/indexb88e.html]
[autograph.care/monson/wp-content/themes/uncode/library/js/appf009.js]
[www.monsonrh.co.uk/wp-content/uploads/2016/12/MAGGS-LANCASTER-819x1024.jpg]
[www.monsonrh.co.uk/wp-content/uploads/2015/01/DSCN0104-blog-1024x768.jpg]
[www.monsonrh.co.uk/wp-content/uploads/2015/01/DSCN0151-blog-1024x768.jpg]
[www.monsonrh.co.uk/wp-content/uploads/2015/01/DSCN0125-blog-1024x768.jpg]
[autograph.care/monson/wp-content/themes/uncode/library/js/plugins1983.js]
[autograph.care/monson/wp-content/themes/uncode-child/style3b61.css]
[autograph.care/monson/wp-content/themes/uncode/library/css/style27ae.css]
[autograph.care/monson/wp-content/themes/uncode/library/js/pluginsf009.js]
[autograph.care/monson/wp-content/themes/uncode/library/css/uncode-icons27ae.css]
[autograph.care/monson/wp-content/themes/uncode/library/css/style-custom227ae.css]
[autograph.care/monson/wp-content/themes/uncode/library/js/init27ae.js]
[autograph.care/monson/wp-content/themes/uncode-child/style413e.css]
[autograph.care/monson/news-events/page/2/indexa020.html]
[autograph.care/monson/wp-content/themes/uncode/library/css/style5a5b.css]
[autograph.care/monson/wp-content/themes/uncode/library/css/uncode-icons5a5b.css]
[autograph.care/monson/wp-content/themes/uncode/library/css/style-custom25a5b.css]
[autograph.care/monson/wp-content/themes/uncode-child/style677e.css]
[autograph.care/monson/wp-content/themes/uncode/library/js/app27ae.js]
[autograph.care/monson/wp-content/themes/uncode/library/css/style5e1e.css]
[autograph.care/monson/wp-content/themes/uncode/library/js/plugins27ae.js]
[autograph.care/monson/wp-content/themes/uncode/library/css/uncode-icons5e1e.css]
[autograph.care/monson/wp-content/themes/uncode/library/css/style-custom25e1e.css]
[autograph.care/monson/wp-content/themes/uncode/library/js/init5e1e.js]
[autograph.care/monson/news-events/indexa020.html]
[autograph.care/monson/wp-content/themes/uncode/library/css/style1ac1.css]
[autograph.care/monson/wp-content/themes/uncode/library/css/uncode-icons1ac1.css]
[autograph.care/monson/wp-content/themes/uncode/library/css/style-custom21ac1.css]
[autograph.care/monson/wp-content/themes/uncode-child/style858c.css]
[autograph.care/monson/wp-content/themes/uncode/library/js/app5e1e.js]
[autograph.care/monson/wp-content/themes/uncode-child/style4b19.css]
[autograph.care/monson/wp-content/themes/uncode/library/js/plugins5e1e.js]
[autograph.care/monson/wp-content/themes/uncode/library/css/stylee736.css]
[autograph.care/monson/wp-content/themes/uncode/library/css/uncode-iconse736.css]
[autograph.care/monson/wp-content/themes/uncode/library/css/style-custom2e736.css]
[autograph.care/monson/wp-content/themes/uncode/library/js/inite736.js]
[autograph.care/monson/news-events/index6592.html]
[autograph.care/monson/wp-content/themes/uncode/library/css/style0d6a.css]
[autograph.care/monson/wp-content/themes/uncode/library/css/uncode-icons0d6a.css]
[autograph.care/monson/wp-content/themes/uncode/library/css/style-custom20d6a.css]
[autograph.care/monson/wp-content/themes/uncode-child/style9f83.css]
[autograph.care/monson/wp-content/themes/uncode/library/css/style10d8.css]
[autograph.care/monson/wp-content/themes/uncode/library/css/uncode-icons10d8.css]
[autograph.care/monson/wp-content/themes/uncode/library/css/style-custom210d8.css]
[autograph.care/monson/wp-content/themes/uncode-child/style2a88.css]
[autograph.care/monson/wp-content/themes/uncode/library/js/appe736.js]
[autograph.care/monson/wp-content/themes/uncode/library/css/style9089.css]
[autograph.care/monson/wp-content/themes/uncode/library/css/uncode-icons9089.css]
[autograph.care/monson/wp-content/themes/uncode/library/css/style-custom29089.css]
[autograph.care/monson/wp-content/themes/uncode-child/stylef5a0.css]
[autograph.care/monson/wp-content/themes/uncode-child/style216a.css]
[autograph.care/monson/wp-content/themes/uncode/library/js/pluginse736.js]
[autograph.care/monson/wp-content/themes/uncode/library/css/style3356.css]
[autograph.care/monson/wp-content/themes/uncode/library/css/uncode-icons3356.css]
[autograph.care/monson/wp-content/themes/uncode/library/css/style-custom23356.css]
[autograph.care/monson/wp-content/themes/uncode/library/js/init3356.js]
[autograph.care/monson/news-events/index786e.html]
[autograph.care/monson/wp-content/themes/uncode/library/js/app3356.js]
[autograph.care/monson/wp-content/themes/uncode-child/stylef916.css]
[autograph.care/monson/wp-content/themes/uncode/library/js/plugins3356.js]
[autograph.care/monson/wp-content/themes/uncode/library/css/styleffac.css]
[autograph.care/monson/wp-content/themes/uncode/library/css/uncode-iconsffac.css]
[autograph.care/monson/wp-content/themes/uncode/library/css/style-custom2ffac.css]
[autograph.care/monson/wp-content/themes/uncode/library/js/initffac.js]
[autograph.care/monson/news-events/index24bd.html]
[autograph.care/monson/wp-content/themes/uncode/library/css/styledbeb.css]
[autograph.care/monson/wp-content/themes/uncode/library/css/uncode-iconsdbeb.css]
[autograph.care/monson/wp-content/themes/uncode/library/css/style-custom2dbeb.css]
[autograph.care/monson/wp-content/themes/uncode-child/stylefdb6.css]
[autograph.care/monson/wp-content/themes/uncode/library/js/appffac.js]
[autograph.care/monson/wp-content/themes/uncode/library/css/style0d35.css]
[autograph.care/monson/wp-content/themes/uncode/library/css/uncode-icons0d35.css]
[autograph.care/monson/wp-content/themes/uncode/library/css/style-custom20d35.css]
[autograph.care/monson/wp-content/themes/uncode-child/style133f.css]
[autograph.care/monson/wp-content/themes/uncode-child/stylea1bf.css]
[autograph.care/monson/wp-content/themes/uncode/library/js/pluginsffac.js]
[autograph.care/monson/wp-content/themes/uncode/library/css/stylec9a9.css]
[autograph.care/monson/wp-content/themes/uncode/library/css/uncode-iconsc9a9.css]
[autograph.care/monson/wp-content/themes/uncode/library/css/style-custom2c9a9.css]
[autograph.care/monson/wp-content/themes/uncode/library/js/initc9a9.js]
[autograph.care/monson/news-events/index4c48.html]
[www.monsonrh.co.uk/wp-content/uploads/2016/12/DSCN0507-1024x768.jpg]
[www.monsonrh.co.uk/wp-content/uploads/2016/12/DSCN0551-1024x768.jpg]
[www.monsonrh.co.uk/wp-content/uploads/2016/12/BOWLING-2-818x1024.jpg]
[autograph.care/monson/wp-content/themes/uncode/library/css/stylec4d6.css]
[autograph.care/monson/wp-content/themes/uncode-child/styleff4b.css]
[www.monsonrh.co.uk/wp-content/uploads/2016/12/IMG_1259.jpg]
[www.monsonrh.co.uk/wp-content/uploads/2016/12/Trip-on-our-mini-bus-1024x768.jpg]
[www.monsonrh.co.uk/wp-content/uploads/2016/12/IAN-VULCAN-768x1024.jpg]
[www.monsonrh.co.uk/wp-content/uploads/2016/12/vulcan-visit-1-768x1024.jpg]
[autograph.care/monson/wp-content/themes/uncode/library/js/appc9a9.js]
[autograph.care/monson/wp-content/themes/uncode/library/css/style1983.css]
[autograph.care/monson/wp-content/themes/uncode/library/css/stylef009.css]
[autograph.care/monson/wp-content/themes/uncode-child/style3b61.css]
[autograph.care/monson/wp-content/themes/uncode/library/css/style27ae.css]
[autograph.care/monson/wp-content/themes/uncode/library/css/uncode-icons27ae.css]
[autograph.care/monson/wp-content/themes/uncode/library/css/style-custom227ae.css]
[autograph.care/monson/wp-content/themes/uncode-child/style413e.css]
[autograph.care/monson/wp-content/themes/uncode/library/css/style5e1e.css]
[autograph.care/monson/wp-content/themes/uncode/library/css/uncode-icons5e1e.css]
[autograph.care/monson/wp-content/themes/uncode/library/css/style-custom25e1e.css]
[autograph.care/monson/wp-content/themes/uncode-child/style4b19.css]
[autograph.care/monson/wp-content/themes/uncode/library/css/stylee736.css]
[autograph.care/monson/wp-content/themes/uncode/library/css/uncode-iconse736.css]
[autograph.care/monson/wp-content/themes/uncode/library/css/style-custom2e736.css]
[autograph.care/monson/wp-content/themes/uncode-child/style216a.css]
[autograph.care/monson/wp-content/themes/uncode/library/css/style3356.css]
[autograph.care/monson/wp-content/themes/uncode/library/css/uncode-icons3356.css]
[autograph.care/monson/wp-content/themes/uncode/library/css/style-custom23356.css]
[autograph.care/monson/wp-content/themes/uncode-child/stylef916.css]
[autograph.care/monson/wp-content/themes/uncode/library/css/styleffac.css]
[autograph.care/monson/wp-content/themes/uncode/library/css/uncode-iconsffac.css]
[autograph.care/monson/wp-content/themes/uncode/library/css/style-custom2ffac.css]
[autograph.care/monson/wp-content/themes/uncode-child/stylea1bf.css]
[autograph.care/monson/wp-content/themes/uncode/library/css/stylec9a9.css]
[autograph.care/monson/wp-content/themes/uncode/library/css/uncode-iconsc9a9.css]
[autograph.care/monson/wp-content/themes/uncode/library/css/style-custom2c9a9.css]
[www.monsonrh.co.uk/wp-content/uploads/2014/12/Gosple-Service-TEST-1.jpg]
[www.monsonrh.co.uk/wp-content/uploads/2014/12/NEW-PUB-blog-1024x713.jpg]
[www.monsonrh.co.uk/wp-content/uploads/2014/12/NEW-PUB-3-blog-1024x648.jpg]
[www.monsonrh.co.uk/wp-content/uploads/2014/12/Mothers-Day-Menu-1024x699.jpg]
[autograph.care/monson/wp-content/themes/uncode/library/js/pluginsd779.js]
[www.monsonrh.co.uk/wp-content/uploads/2015/01/Monson-Retirement-Home-008-blog-1024x683.jpg]
[www.monsonrh.co.uk/wp-content/uploads/2015/01/pub-tv-blog.jpg]
[www.monsonrh.co.uk/wp-content/uploads/2015/01/07ed2dac-83df-4a7c-b44f-9fb0b07daeae-blog.jpg]
[www.monsonrh.co.uk/wp-content/uploads/2015/01/20160101_121653-1-blog-1024x850.jpg]
[www.monsonrh.co.uk/wp-content/uploads/2015/01/20160101_121705-1-blog-874x1024.jpg]
[autograph.care/monson/wp-content/themes/uncode/library/css/uncode-iconsf009.css]
[www.monsonrh.co.uk/wp-content/uploads/2015/01/monson-photos-041-blog-1024x768.jpg]
[www.monsonrh.co.uk/wp-content/uploads/2015/01/main-photo-blog-1024x768.jpg]
[www.monsonrh.co.uk/wp-content/uploads/2015/01/monson-photos-045-blog-1024x768.jpg]
[autograph.care/monson/wp-content/themes/uncode-child/stylecd4f.css]
[autograph.care/monson/wp-content/themes/uncode-child/stylecd4f.css]
[autograph.care/monson/wp-content/themes/uncode/library/js/pluginsc9a9.js]
